../drivers/fsl_clock.h:2178:20:CLOCK_ControlGate	0	static
../drivers/fsl_lpuart.c:223:13:LPUART_ReadNonBlocking	8	static
../drivers/fsl_lpuart.c:147:10:LPUART_GetInstance	0	static
../drivers/fsl_lpuart.c:171:8:LPUART_TransferGetRxRingBufferLength	0	static
../drivers/fsl_lpuart.c:277:10:LPUART_Init	40	static
../drivers/fsl_lpuart.c:489:6:LPUART_Deinit	8	static
../drivers/fsl_lpuart.c:553:6:LPUART_GetDefaultConfig	8	static
../drivers/fsl_lpuart.c:598:10:LPUART_SetBaudRate	32	static
../drivers/fsl_lpuart.c:686:6:LPUART_Enable9bitMode	0	static
../drivers/fsl_lpuart.c:720:6:LPUART_SendAddress	0	static
../drivers/fsl_lpuart.c:742:6:LPUART_EnableInterrupts	0	static
../drivers/fsl_lpuart.c:784:6:LPUART_DisableInterrupts	0	static
../drivers/fsl_lpuart.c:832:10:LPUART_GetEnabledInterrupts	0	static
../drivers/fsl_lpuart.c:870:10:LPUART_GetStatusFlags	0	static
../drivers/fsl_lpuart.c:1819:6:LPUART_TransferHandleIRQ	32	static
../drivers/fsl_lpuart.c:903:10:LPUART_ClearStatusFlags	8	static
../drivers/fsl_lpuart.c:953:10:LPUART_WriteBlocking	0	static
../drivers/fsl_lpuart.c:1018:10:LPUART_ReadBlocking	32	static
../drivers/fsl_lpuart.c:1137:6:LPUART_TransferCreateHandle	24	static
../drivers/fsl_lpuart.c:1202:6:LPUART_TransferStartRingBuffer	0	static
../drivers/fsl_lpuart.c:1231:6:LPUART_TransferStopRingBuffer	0	static
../drivers/fsl_lpuart.c:1269:10:LPUART_TransferSendNonBlocking	0	static
../drivers/fsl_lpuart.c:1312:6:LPUART_TransferAbortSend	0	static
../drivers/fsl_lpuart.c:1337:10:LPUART_TransferGetSendCount	8	static
../drivers/fsl_lpuart.c:1395:10:LPUART_TransferReceiveNonBlocking	32	static
../drivers/fsl_lpuart.c:1534:6:LPUART_TransferAbortReceive	0	static
../drivers/fsl_lpuart.c:1565:10:LPUART_TransferGetReceiveCount	0	static
../drivers/fsl_lpuart.c:1877:6:LPUART_TransferHandleErrorIRQ	0	static
../drivers/fsl_lpuart.c:1972:6:LPUART1_DriverIRQHandler	8	static
../drivers/fsl_lpuart.c:1997:6:LPUART2_DriverIRQHandler	8	static
../drivers/fsl_lpuart.c:2021:6:LPUART3_DriverIRQHandler	8	static
../drivers/fsl_lpuart.c:2045:6:LPUART4_DriverIRQHandler	8	static
../drivers/fsl_lpuart.c:2069:6:LPUART5_DriverIRQHandler	8	static
../drivers/fsl_lpuart.c:2093:6:LPUART6_DriverIRQHandler	8	static
../drivers/fsl_lpuart.c:2117:6:LPUART7_DriverIRQHandler	8	static
../drivers/fsl_lpuart.c:2141:6:LPUART8_DriverIRQHandler	8	static
../drivers/fsl_lpuart.c:2165:6:LPUART9_DriverIRQHandler	8	static
../drivers/fsl_lpuart.c:2189:6:LPUART10_DriverIRQHandler	8	static
../drivers/fsl_lpuart.c:2213:6:LPUART11_DriverIRQHandler	8	static
../drivers/fsl_lpuart.c:2237:6:LPUART12_DriverIRQHandler	8	static
