Archive member included to satisfy reference by file (symbol)

/Applications/MCUXpressoIDE_11.7.0_9198/ide/plugins/com.nxp.mcuxpresso.tools.macosx_11.7.0.202209140929/tools/bin/../lib/gcc/arm-none-eabi/10.3.1/../../../../arm-none-eabi/lib/thumb/v7e-m+fp/hard/libcr_nohost_nf.a(_cr__main.o)
                              ./startup/startup_mimxrt1176_cm7.o (__main)
/Applications/MCUXpressoIDE_11.7.0_9198/ide/plugins/com.nxp.mcuxpresso.tools.macosx_11.7.0.202209140929/tools/bin/../lib/gcc/arm-none-eabi/10.3.1/../../../../arm-none-eabi/lib/thumb/v7e-m+fp/hard/libcr_c.a(memcpy.o)
                              ./utilities/fsl_str.o (memcpy)
/Applications/MCUXpressoIDE_11.7.0_9198/ide/plugins/com.nxp.mcuxpresso.tools.macosx_11.7.0.202209140929/tools/bin/../lib/gcc/arm-none-eabi/10.3.1/../../../../arm-none-eabi/lib/thumb/v7e-m+fp/hard/libcr_c.a(memset.o)
                              ./utilities/fsl_debug_console.o (memset)
/Applications/MCUXpressoIDE_11.7.0_9198/ide/plugins/com.nxp.mcuxpresso.tools.macosx_11.7.0.202209140929/tools/bin/../lib/gcc/arm-none-eabi/10.3.1/../../../../arm-none-eabi/lib/thumb/v7e-m+fp/hard/libcr_c.a(alloc.o)
                              ./drivers/fsl_common.o (malloc)
/Applications/MCUXpressoIDE_11.7.0_9198/ide/plugins/com.nxp.mcuxpresso.tools.macosx_11.7.0.202209140929/tools/bin/../lib/gcc/arm-none-eabi/10.3.1/../../../../arm-none-eabi/lib/thumb/v7e-m+fp/hard/libcr_c.a(errno.o)
                              ./utilities/fsl_str.o (errno)
/Applications/MCUXpressoIDE_11.7.0_9198/ide/plugins/com.nxp.mcuxpresso.tools.macosx_11.7.0.202209140929/tools/bin/../lib/gcc/arm-none-eabi/10.3.1/../../../../arm-none-eabi/lib/thumb/v7e-m+fp/hard/libcr_c.a(initio.o)
                              /Applications/MCUXpressoIDE_11.7.0_9198/ide/plugins/com.nxp.mcuxpresso.tools.macosx_11.7.0.202209140929/tools/bin/../lib/gcc/arm-none-eabi/10.3.1/../../../../arm-none-eabi/lib/thumb/v7e-m+fp/hard/libcr_nohost_nf.a(_cr__main.o) (_initio)
/Applications/MCUXpressoIDE_11.7.0_9198/ide/plugins/com.nxp.mcuxpresso.tools.macosx_11.7.0.202209140929/tools/bin/../lib/gcc/arm-none-eabi/10.3.1/../../../../arm-none-eabi/lib/thumb/v7e-m+fp/hard/libcr_c.a(scanf.o)
                              ./utilities/fsl_str.o (strtoul)
/Applications/MCUXpressoIDE_11.7.0_9198/ide/plugins/com.nxp.mcuxpresso.tools.macosx_11.7.0.202209140929/tools/bin/../lib/gcc/arm-none-eabi/10.3.1/../../../../arm-none-eabi/lib/thumb/v7e-m+fp/hard/libcr_c.a(setvbuf.o)
                              /Applications/MCUXpressoIDE_11.7.0_9198/ide/plugins/com.nxp.mcuxpresso.tools.macosx_11.7.0.202209140929/tools/bin/../lib/gcc/arm-none-eabi/10.3.1/../../../../arm-none-eabi/lib/thumb/v7e-m+fp/hard/libcr_c.a(initio.o) (setvbuf)
/Applications/MCUXpressoIDE_11.7.0_9198/ide/plugins/com.nxp.mcuxpresso.tools.macosx_11.7.0.202209140929/tools/bin/../lib/gcc/arm-none-eabi/10.3.1/../../../../arm-none-eabi/lib/thumb/v7e-m+fp/hard/libcr_c.a(strlen.o)
                              ./utilities/fsl_str.o (strlen)
/Applications/MCUXpressoIDE_11.7.0_9198/ide/plugins/com.nxp.mcuxpresso.tools.macosx_11.7.0.202209140929/tools/bin/../lib/gcc/arm-none-eabi/10.3.1/../../../../arm-none-eabi/lib/thumb/v7e-m+fp/hard/libcr_c.a(ungetc.o)
                              /Applications/MCUXpressoIDE_11.7.0_9198/ide/plugins/com.nxp.mcuxpresso.tools.macosx_11.7.0.202209140929/tools/bin/../lib/gcc/arm-none-eabi/10.3.1/../../../../arm-none-eabi/lib/thumb/v7e-m+fp/hard/libcr_c.a(scanf.o) (ungetc)
/Applications/MCUXpressoIDE_11.7.0_9198/ide/plugins/com.nxp.mcuxpresso.tools.macosx_11.7.0.202209140929/tools/bin/../lib/gcc/arm-none-eabi/10.3.1/../../../../arm-none-eabi/lib/thumb/v7e-m+fp/hard/libcr_c.a(__fillbuf.o)
                              /Applications/MCUXpressoIDE_11.7.0_9198/ide/plugins/com.nxp.mcuxpresso.tools.macosx_11.7.0.202209140929/tools/bin/../lib/gcc/arm-none-eabi/10.3.1/../../../../arm-none-eabi/lib/thumb/v7e-m+fp/hard/libcr_c.a(scanf.o) (__filbuf)
/Applications/MCUXpressoIDE_11.7.0_9198/ide/plugins/com.nxp.mcuxpresso.tools.macosx_11.7.0.202209140929/tools/bin/../lib/gcc/arm-none-eabi/10.3.1/../../../../arm-none-eabi/lib/thumb/v7e-m+fp/hard/libcr_c.a(__init_alloc.o)
                              /Applications/MCUXpressoIDE_11.7.0_9198/ide/plugins/com.nxp.mcuxpresso.tools.macosx_11.7.0.202209140929/tools/bin/../lib/gcc/arm-none-eabi/10.3.1/../../../../arm-none-eabi/lib/thumb/v7e-m+fp/hard/libcr_c.a(alloc.o) (__heaps)
/Applications/MCUXpressoIDE_11.7.0_9198/ide/plugins/com.nxp.mcuxpresso.tools.macosx_11.7.0.202209140929/tools/bin/../lib/gcc/arm-none-eabi/10.3.1/../../../../arm-none-eabi/lib/thumb/v7e-m+fp/hard/libcr_c.a(_cr_sbrk.o)
                              /Applications/MCUXpressoIDE_11.7.0_9198/ide/plugins/com.nxp.mcuxpresso.tools.macosx_11.7.0.202209140929/tools/bin/../lib/gcc/arm-none-eabi/10.3.1/../../../../arm-none-eabi/lib/thumb/v7e-m+fp/hard/libcr_c.a(alloc.o) (_sbrk)
[...]
Memory Configuration

Name             Origin             Length             Attributes
BOARD_FLASH      0x0000000030000000 0x0000000004000000 xr
SRAM_ITC_cm7     0x0000000000000000 0x0000000000040000 xrw
SRAM_DTC_cm7     0x0000000020000000 0x0000000000040000 xrw
SRAM_OC1         0x0000000020240000 0x0000000000080000 xrw
SRAM_OC2         0x00000000202c0000 0x0000000000080000 xrw
SRAM_OC_ECC1     0x0000000020340000 0x0000000000010000 xrw
SRAM_OC_ECC2     0x0000000020350000 0x0000000000010000 xrw
SRAM_OC_cm7      0x0000000020360000 0x0000000000020000 xrw
BOARD_SDRAM      0x0000000080000000 0x0000000003000000 xrw
NCACHE_REGION    0x0000000083000000 0x0000000001000000 xrw
*default*        0x0000000000000000 0xffffffffffffffff

Linker script and memory map

LOAD ./xip/evkmimxrt1170_flexspi_nor_config.o
LOAD ./xip/fsl_flexspi_nor_boot.o
LOAD ./utilities/fsl_assert.o
LOAD ./utilities/fsl_debug_console.o
LOAD ./utilities/fsl_str.o
LOAD ./startup/boot_multicore_slave.o
LOAD ./startup/startup_mimxrt1176_cm7.o
LOAD ./source/MIMXRT1176_Project.o
LOAD ./source/semihost_hardfault.o
LOAD ./drivers/fsl_anatop_ai.o
LOAD ./drivers/fsl_clock.o
LOAD ./drivers/fsl_common.o
LOAD ./drivers/fsl_common_arm.o
LOAD ./drivers/fsl_dcdc.o
LOAD ./drivers/fsl_gpio.o
LOAD ./drivers/fsl_lpuart.o
LOAD ./drivers/fsl_pmu.o
LOAD ./device/system_MIMXRT1176_cm7.o
LOAD ./component/uart/fsl_adapter_lpuart.o
LOAD ./component/serial_manager/fsl_component_serial_manager.o
LOAD ./component/serial_manager/fsl_component_serial_port_uart.o
LOAD ./component/lists/fsl_component_generic_list.o
LOAD ./board/board.o
LOAD ./board/clock_config.o
LOAD ./board/dcd.o
LOAD ./board/peripherals.o
LOAD ./board/pin_mux.o
LOAD ./board/xmcd.o
START GROUP
LOAD /Applications/MCUXpressoIDE_11.7.0_9198/ide/plugins/com.nxp.mcuxpresso.tools.macosx_11.7.0.202209140929/tools/bin/../lib/gcc/arm-none-eabi/10.3.1/../../../../arm-none-eabi/lib/thumb/v7e-m+fp/hard/libcr_nohost_nf.a
LOAD /Applications/MCUXpressoIDE_11.7.0_9198/ide/plugins/com.nxp.mcuxpresso.tools.macosx_11.7.0.202209140929/tools/bin/../lib/gcc/arm-none-eabi/10.3.1/../../../../arm-none-eabi/lib/thumb/v7e-m+fp/hard/libcr_c.a
LOAD /Applications/MCUXpressoIDE_11.7.0_9198/ide/plugins/com.nxp.mcuxpresso.tools.macosx_11.7.0.202209140929/tools/bin/../lib/gcc/arm-none-eabi/10.3.1/thumb/v7e-m+fp/hard/libcr_eabihelpers.a
LOAD /Applications/MCUXpressoIDE_11.7.0_9198/ide/plugins/com.nxp.mcuxpresso.tools.macosx_11.7.0.202209140929/tools/bin/../lib/gcc/arm-none-eabi/10.3.1/thumb/v7e-m+fp/hard/libgcc.a
END GROUP
                0x0000000030000000                __base_BOARD_FLASH = 0x30000000
                0x0000000030000000                __base_Flash = 0x30000000
                0x0000000034000000                __top_BOARD_FLASH = 0x34000000
                0x0000000034000000                __top_Flash = 0x34000000
                0x0000000000000000                __base_SRAM_ITC_cm7 = 0x0
                0x0000000000000000                __base_RAM = 0x0
                0x0000000000040000                __top_SRAM_ITC_cm7 = 0x40000
                0x0000000000040000                __top_RAM = 0x40000
                0x0000000020000000                __base_SRAM_DTC_cm7 = 0x20000000
                0x0000000020000000                __base_RAM2 = 0x20000000
                0x0000000020040000                __top_SRAM_DTC_cm7 = 0x20040000
                0x0000000020040000                __top_RAM2 = 0x20040000
                0x0000000020240000                __base_SRAM_OC1 = 0x20240000
                0x0000000020240000                __base_RAM3 = 0x20240000
                0x00000000202c0000                __top_SRAM_OC1 = 0x202c0000
                0x00000000202c0000                __top_RAM3 = 0x202c0000
                0x00000000202c0000                __base_SRAM_OC2 = 0x202c0000
                0x00000000202c0000                __base_RAM4 = 0x202c0000
                0x0000000020340000                __top_SRAM_OC2 = 0x20340000
                0x0000000020340000                __top_RAM4 = 0x20340000
                0x0000000020340000                __base_SRAM_OC_ECC1 = 0x20340000
                0x0000000020340000                __base_RAM5 = 0x20340000
                0x0000000020350000                __top_SRAM_OC_ECC1 = 0x20350000
                0x0000000020350000                __top_RAM5 = 0x20350000
                0x0000000020350000                __base_SRAM_OC_ECC2 = 0x20350000
                0x0000000020350000                __base_RAM6 = 0x20350000
                0x0000000020360000                __top_SRAM_OC_ECC2 = 0x20360000
                0x0000000020360000                __top_RAM6 = 0x20360000
                0x0000000020360000                __base_SRAM_OC_cm7 = 0x20360000
                0x0000000020360000                __base_RAM7 = 0x20360000
                0x0000000020380000                __top_SRAM_OC_cm7 = 0x20380000
                0x0000000020380000                __top_RAM7 = 0x20380000
                0x0000000080000000                __base_BOARD_SDRAM = 0x80000000
                0x0000000080000000                __base_RAM8 = 0x80000000
                0x0000000083000000                __top_BOARD_SDRAM = 0x83000000
                0x0000000083000000                __top_RAM8 = 0x83000000
                0x0000000083000000                __base_NCACHE_REGION = 0x83000000
                0x0000000083000000                __base_RAM9 = 0x83000000
                0x0000000084000000                __top_NCACHE_REGION = 0x84000000
                0x0000000084000000                __top_RAM9 = 0x84000000

.text           0x0000000000000000     0x3e58
 FILL mask 0xff
                0x0000000000000000                __vectors_start__ = ABSOLUTE (.)
 *(SORT_BY_ALIGNMENT(.isr_vector))
 .isr_vector    0x0000000000000000      0x3a8 ./startup/startup_mimxrt1176_cm7.o
                0x0000000000000000                __Vectors
                0x0000000000000000                g_pfnVectors
                0x00000000000003a8                . = ALIGN (0x4)
                0x00000000000003a8                __section_table_start = .
                0x00000000000003a8                __data_section_table = .
                0x00000000000003a8        0x4 LONG 0x3e58 LOADADDR (.data)
                0x00000000000003ac        0x4 LONG 0x3e58 ADDR (.data)
                0x00000000000003b0        0x4 LONG 0x4 SIZEOF (.data)
                0x00000000000003b4        0x4 LONG 0x3e58 LOADADDR (.data_RAM2)
                0x00000000000003b8        0x4 LONG 0x20000000 ADDR (.data_RAM2)
                0x00000000000003bc        0x4 LONG 0x0 SIZEOF (.data_RAM2)
                0x00000000000003c0        0x4 LONG 0x3e58 LOADADDR (.data_RAM3)
                0x00000000000003c4        0x4 LONG 0x20240000 ADDR (.data_RAM3)
                0x00000000000003c8        0x4 LONG 0x0 SIZEOF (.data_RAM3)
                0x00000000000003cc        0x4 LONG 0x3e58 LOADADDR (.data_RAM4)
                0x00000000000003d0        0x4 LONG 0x202c0000 ADDR (.data_RAM4)
                0x00000000000003d4        0x4 LONG 0x0 SIZEOF (.data_RAM4)
                0x00000000000003d8        0x4 LONG 0x3e58 LOADADDR (.data_RAM5)
                0x00000000000003dc        0x4 LONG 0x20340000 ADDR (.data_RAM5)
                0x00000000000003e0        0x4 LONG 0x0 SIZEOF (.data_RAM5)
                0x00000000000003e4        0x4 LONG 0x3e58 LOADADDR (.data_RAM6)
                0x00000000000003e8        0x4 LONG 0x20350000 ADDR (.data_RAM6)
                0x00000000000003ec        0x4 LONG 0x0 SIZEOF (.data_RAM6)
                0x00000000000003f0        0x4 LONG 0x3e58 LOADADDR (.data_RAM7)
                0x00000000000003f4        0x4 LONG 0x20360000 ADDR (.data_RAM7)
                0x00000000000003f8        0x4 LONG 0x0 SIZEOF (.data_RAM7)
                0x00000000000003fc        0x4 LONG 0x3e58 LOADADDR (.data_RAM8)
                0x0000000000000400        0x4 LONG 0x80000000 ADDR (.data_RAM8)
                0x0000000000000404        0x4 LONG 0x0 SIZEOF (.data_RAM8)
                0x0000000000000408        0x4 LONG 0x3e58 LOADADDR (.data_RAM9)
                0x000000000000040c        0x4 LONG 0x83000000 ADDR (.data_RAM9)
                0x0000000000000410        0x4 LONG 0x0 SIZEOF (.data_RAM9)
                0x0000000000000414                __data_section_table_end = .
                0x0000000000000414                __bss_section_table = .
                0x0000000000000414        0x4 LONG 0x3e5c ADDR (.bss)
                0x0000000000000418        0x4 LONG 0x148 SIZEOF (.bss)
                0x000000000000041c        0x4 LONG 0x20000000 ADDR (.bss_RAM2)
                0x0000000000000420        0x4 LONG 0x0 SIZEOF (.bss_RAM2)
                0x0000000000000424        0x4 LONG 0x20240000 ADDR (.bss_RAM3)
                0x0000000000000428        0x4 LONG 0x0 SIZEOF (.bss_RAM3)
                0x000000000000042c        0x4 LONG 0x202c0000 ADDR (.bss_RAM4)
                0x0000000000000430        0x4 LONG 0x0 SIZEOF (.bss_RAM4)
                0x0000000000000434        0x4 LONG 0x20340000 ADDR (.bss_RAM5)
                0x0000000000000438        0x4 LONG 0x0 SIZEOF (.bss_RAM5)
                0x000000000000043c        0x4 LONG 0x20350000 ADDR (.bss_RAM6)
                0x0000000000000440        0x4 LONG 0x0 SIZEOF (.bss_RAM6)
                0x0000000000000444        0x4 LONG 0x20360000 ADDR (.bss_RAM7)
                0x0000000000000448        0x4 LONG 0x0 SIZEOF (.bss_RAM7)
                0x000000000000044c        0x4 LONG 0x80000000 ADDR (.bss_RAM8)
                0x0000000000000450        0x4 LONG 0x0 SIZEOF (.bss_RAM8)
                0x0000000000000454        0x4 LONG 0x83000000 ADDR (.bss_RAM9)
                0x0000000000000458        0x4 LONG 0x0 SIZEOF (.bss_RAM9)
                0x000000000000045c                __bss_section_table_end = .
                0x000000000000045c                __section_table_end = .
 *(SORT_BY_ALIGNMENT(.after_vectors*))
 .after_vectors.init_data
                0x000000000000045c       0x44 ./startup/startup_mimxrt1176_cm7.o
                0x000000000000045c                data_init
 .after_vectors.init_bss
                0x00000000000004a0       0x40 ./startup/startup_mimxrt1176_cm7.o
                0x00000000000004a0                bss_init
 .after_vectors.reset
                0x00000000000004e0       0x50 ./startup/startup_mimxrt1176_cm7.o
                0x00000000000004e0                ResetISR
 .after_vectors
                0x0000000000000530       0x14 ./startup/startup_mimxrt1176_cm7.o
                0x0000000000000530                NMI_Handler
                0x0000000000000534                MemManage_Handler
                0x0000000000000536                BusFault_Handler
                0x0000000000000538                UsageFault_Handler
                0x000000000000053a                SVC_Handler
                0x000000000000053c                DebugMon_Handler
                0x000000000000053e                PendSV_Handler
                0x0000000000000540                SysTick_Handler
                0x0000000000000542                ADC_ETC_IRQ3_DriverIRQHandler
                0x0000000000000542                Reserved168_DriverIRQHandler
                0x0000000000000542                Reserved178_DriverIRQHandler
                0x0000000000000542                SNVS_HP_NON_TZ_DriverIRQHandler
                0x0000000000000542                PWM4_FAULT_DriverIRQHandler
                0x0000000000000542                DMA13_DMA29_DriverIRQHandler
                0x0000000000000542                Reserved185_DriverIRQHandler
                0x0000000000000542                FLEXRAM_DriverIRQHandler
                0x0000000000000542                KEY_MANAGER_DriverIRQHandler
                0x0000000000000542                LPSPI4_DriverIRQHandler
                0x0000000000000542                SEMC_DriverIRQHandler
                0x0000000000000542                SPDIF_DriverIRQHandler
                0x0000000000000542                PWM4_3_DriverIRQHandler
                0x0000000000000542                LPI2C5_DriverIRQHandler
                0x0000000000000542                TMPSNS_LOW_HIGH_DriverIRQHandler
                0x0000000000000542                RDC_DriverIRQHandler
                0x0000000000000542                GPIO3_Combined_0_15_DriverIRQHandler
                0x0000000000000542                Reserved167_DriverIRQHandler
                0x0000000000000542                CAN3_DriverIRQHandler
                0x0000000000000542                PIT2_DriverIRQHandler
                0x0000000000000542                CAAM_RTIC_DriverIRQHandler
                0x0000000000000542                OCOTP_READ_FUSE_ERROR_DriverIRQHandler
                0x0000000000000542                DMA7_DMA23_DriverIRQHandler
                0x0000000000000542                GPIO6_Combined_16_31_DriverIRQHandler
                0x0000000000000542                SAI4_TX_DriverIRQHandler
                0x0000000000000542                Reserved110_DriverIRQHandler
                0x0000000000000542                Reserved210_DriverIRQHandler
                0x0000000000000542                LPI2C3_DriverIRQHandler
                0x0000000000000542                GPR_IRQ_DriverIRQHandler
                0x0000000000000542                Reserved208_DriverIRQHandler
                0x0000000000000542                PWM2_FAULT_DriverIRQHandler
                0x0000000000000542                PWM3_1_DriverIRQHandler
                0x0000000000000542                SEMA4_CP1_DriverIRQHandler
                0x0000000000000542                DAC_DriverIRQHandler
                0x0000000000000542                ENET_1G_MAC0_Tx_Rx_1_DriverIRQHandler
                0x0000000000000542                XECC_FLEXSPI2_INT_DriverIRQHandler
                0x0000000000000542                LPSR_LP8_BROWNOUT_DriverIRQHandler
                0x0000000000000542                Reserved166_DriverIRQHandler
                0x0000000000000542                DMA14_DMA30_DriverIRQHandler
                0x0000000000000542                TMR1_DriverIRQHandler
                0x0000000000000542                PWM3_2_DriverIRQHandler
                0x0000000000000542                ENET_1588_Timer_DriverIRQHandler
                0x0000000000000542                ENET_QOS_PMT_DriverIRQHandler
                0x0000000000000542                FLEXIO2_DriverIRQHandler
                0x0000000000000542                GPIO2_Combined_16_31_DriverIRQHandler
                0x0000000000000542                CTI_TRIGGER_OUT0_DriverIRQHandler
                0x0000000000000542                PWM4_1_DriverIRQHandler
                0x0000000000000542                Reserved213_DriverIRQHandler
                0x0000000000000542                CAAM_IRQ0_DriverIRQHandler
                0x0000000000000542                RTWDOG3_DriverIRQHandler
                0x0000000000000542                PWM3_3_DriverIRQHandler
                0x0000000000000542                DMA0_DMA16_DriverIRQHandler
                0x0000000000000542                IntDefaultHandler
                0x0000000000000542                DMA2_DMA18_DriverIRQHandler
                0x0000000000000542                XECC_FLEXSPI1_FATAL_INT_DriverIRQHandler
                0x0000000000000542                XECC_SEMC_INT_DriverIRQHandler
                0x0000000000000542                USDHC1_DriverIRQHandler
                0x0000000000000542                ENC3_DriverIRQHandler
                0x0000000000000542                PWM3_FAULT_DriverIRQHandler
                0x0000000000000542                Reserved186_DriverIRQHandler
                0x0000000000000542                LPI2C6_DriverIRQHandler
                0x0000000000000542                TMPSNS_PANIC_DriverIRQHandler
                0x0000000000000542                EWM_DriverIRQHandler
                0x0000000000000542                WDOG1_DriverIRQHandler
                0x0000000000000542                FLEXIO1_DriverIRQHandler
                0x0000000000000542                ENET_DriverIRQHandler
                0x0000000000000542                TMR4_DriverIRQHandler
                0x0000000000000542                ENC2_DriverIRQHandler
                0x0000000000000542                ENET_1G_MAC0_Tx_Rx_2_DriverIRQHandler
                0x0000000000000542                ADC_ETC_IRQ2_DriverIRQHandler
                0x0000000000000542                GPIO1_Combined_16_31_DriverIRQHandler
                0x0000000000000542                SAI1_DriverIRQHandler
                0x0000000000000542                DMA12_DMA28_DriverIRQHandler
                0x0000000000000542                MECC1_FATAL_INT_DriverIRQHandler
                0x0000000000000542                PWM4_0_DriverIRQHandler
                0x0000000000000542                MIPI_DSI_DriverIRQHandler
                0x0000000000000542                ADC_ETC_ERROR_IRQ_DriverIRQHandler
                0x0000000000000542                ACMP2_DriverIRQHandler
                0x0000000000000542                GPIO5_Combined_0_15_DriverIRQHandler
                0x0000000000000542                GPU2D_DriverIRQHandler
                0x0000000000000542                GPT2_DriverIRQHandler
                0x0000000000000542                MUA_DriverIRQHandler
                0x0000000000000542                CAN3_ERROR_DriverIRQHandler
                0x0000000000000542                DMA10_DMA26_DriverIRQHandler
                0x0000000000000542                PWM2_1_DriverIRQHandler
                0x0000000000000542                PWM1_1_DriverIRQHandler
                0x0000000000000542                PXP_DriverIRQHandler
                0x0000000000000542                ADC1_DriverIRQHandler
                0x0000000000000542                PDM_ERROR_DriverIRQHandler
                0x0000000000000542                MIPI_CSI_DriverIRQHandler
                0x0000000000000542                CAAM_IRQ3_DriverIRQHandler
                0x0000000000000542                PWM1_0_DriverIRQHandler
                0x0000000000000542                CAAM_IRQ1_DriverIRQHandler
                0x0000000000000542                DMA1_DMA17_DriverIRQHandler
                0x0000000000000542                GPT6_DriverIRQHandler
                0x0000000000000542                PIT1_DriverIRQHandler
                0x0000000000000542                ENC1_DriverIRQHandler
                0x0000000000000542                ENC4_DriverIRQHandler
                0x0000000000000542                CAN2_DriverIRQHandler
                0x0000000000000542                Reserved169_DriverIRQHandler
                0x0000000000000542                LPSR_LP0_BROWNOUT_DriverIRQHandler
                0x0000000000000542                CAN2_ERROR_DriverIRQHandler
                0x0000000000000542                GPT5_DriverIRQHandler
                0x0000000000000542                DMA8_DMA24_DriverIRQHandler
                0x0000000000000542                GPT1_DriverIRQHandler
                0x0000000000000542                SNVS_HP_TZ_DriverIRQHandler
                0x0000000000000542                CAAM_RECORVE_ERRPR_DriverIRQHandler
                0x0000000000000542                CAAM_IRQ2_DriverIRQHandler
                0x0000000000000542                ACMP3_DriverIRQHandler
                0x0000000000000542                DMA6_DMA22_DriverIRQHandler
                0x0000000000000542                GPIO6_Combined_0_15_DriverIRQHandler
                0x0000000000000542                SAI4_RX_DriverIRQHandler
                0x0000000000000542                TMR3_DriverIRQHandler
                0x0000000000000542                TMR2_DriverIRQHandler
                0x0000000000000542                DCIC2_DriverIRQHandler
                0x0000000000000542                FLEXSPI1_DriverIRQHandler
                0x0000000000000542                GPIO1_Combined_0_15_DriverIRQHandler
                0x0000000000000542                USDHC2_DriverIRQHandler
                0x0000000000000542                PWM4_2_DriverIRQHandler
                0x0000000000000542                SAI2_DriverIRQHandler
                0x0000000000000542                CORE_DriverIRQHandler
                0x0000000000000542                LPSPI6_DriverIRQHandler
                0x0000000000000542                USBPHY2_DriverIRQHandler
                0x0000000000000542                OCOTP_READ_DONE_ERROR_DriverIRQHandler
                0x0000000000000542                CDOG_DriverIRQHandler
                0x0000000000000542                USBPHY1_DriverIRQHandler
                0x0000000000000542                PDM_EVENT_DriverIRQHandler
                0x0000000000000542                LCDIFv2_DriverIRQHandler
                0x0000000000000542                Reserved211_DriverIRQHandler
                0x0000000000000542                DMA11_DMA27_DriverIRQHandler
                0x0000000000000542                CSI_DriverIRQHandler
                0x0000000000000542                PWM2_3_DriverIRQHandler
                0x0000000000000542                XBAR1_IRQ_2_3_DriverIRQHandler
                0x0000000000000542                GPIO3_Combined_16_31_DriverIRQHandler
                0x0000000000000542                PWM1_FAULT_DriverIRQHandler
                0x0000000000000542                LPI2C1_DriverIRQHandler
                0x0000000000000542                EMVSIM2_DriverIRQHandler
                0x0000000000000542                MECC2_FATAL_INT_DriverIRQHandler
                0x0000000000000542                PWM2_2_DriverIRQHandler
                0x0000000000000542                DMA4_DMA20_DriverIRQHandler
                0x0000000000000542                DMA9_DMA25_DriverIRQHandler
                0x0000000000000542                GPT4_DriverIRQHandler
                0x0000000000000542                XBAR1_IRQ_0_1_DriverIRQHandler
                0x0000000000000542                ADC_ETC_IRQ1_DriverIRQHandler
                0x0000000000000542                LPSPI1_DriverIRQHandler
                0x0000000000000542                Reserved215_DriverIRQHandler
                0x0000000000000542                DMA3_DMA19_DriverIRQHandler
                0x0000000000000542                XECC_FLEXSPI1_INT_DriverIRQHandler
                0x0000000000000542                ENET_QOS_DriverIRQHandler
                0x0000000000000542                LPSPI5_DriverIRQHandler
                0x0000000000000542                SEMA4_CP0_DriverIRQHandler
                0x0000000000000542                Reserved170_DriverIRQHandler
                0x0000000000000542                Reserved177_DriverIRQHandler
                0x0000000000000542                LPI2C4_DriverIRQHandler
                0x0000000000000542                GPC_DriverIRQHandler
                0x0000000000000542                GPIO2_Combined_0_15_DriverIRQHandler
                0x0000000000000542                GPT3_DriverIRQHandler
                0x0000000000000542                TMPSNS_INT_DriverIRQHandler
                0x0000000000000542                PWM1_2_DriverIRQHandler
                0x0000000000000542                USB_OTG1_DriverIRQHandler
                0x0000000000000542                XECC_SEMC_FATAL_INT_DriverIRQHandler
                0x0000000000000542                SAI3_TX_DriverIRQHandler
                0x0000000000000542                WDOG2_DriverIRQHandler
                0x0000000000000542                Reserved68_DriverIRQHandler
                0x0000000000000542                MECC2_INT_DriverIRQHandler
                0x0000000000000542                ENET_1G_1588_Timer_DriverIRQHandler
                0x0000000000000542                Reserved180_DriverIRQHandler
                0x0000000000000542                PWM3_0_DriverIRQHandler
                0x0000000000000542                CAN1_ERROR_DriverIRQHandler
                0x0000000000000542                GPIO4_Combined_0_15_DriverIRQHandler
                0x0000000000000542                GPIO4_Combined_16_31_DriverIRQHandler
                0x0000000000000542                GPIO5_Combined_16_31_DriverIRQHandler
                0x0000000000000542                EMVSIM1_DriverIRQHandler
                0x0000000000000542                ASRC_DriverIRQHandler
                0x0000000000000542                DMA5_DMA21_DriverIRQHandler
                0x0000000000000542                Reserved179_DriverIRQHandler
                0x0000000000000542                ADC2_DriverIRQHandler
                0x0000000000000542                DMA15_DMA31_DriverIRQHandler
                0x0000000000000542                PDM_HWVAD_ERROR_DriverIRQHandler
                0x0000000000000542                LPSPI3_DriverIRQHandler
                0x0000000000000542                PWM1_3_DriverIRQHandler
                0x0000000000000542                PDM_HWVAD_EVENT_DriverIRQHandler
                0x0000000000000542                ACMP1_DriverIRQHandler
                0x0000000000000542                LPI2C2_DriverIRQHandler
                0x0000000000000542                XECC_FLEXSPI2_FATAL_INT_DriverIRQHandler
                0x0000000000000542                DMA_ERROR_DriverIRQHandler
                0x0000000000000542                ADC_ETC_IRQ0_DriverIRQHandler
                0x0000000000000542                Reserved212_DriverIRQHandler
                0x0000000000000542                CAN1_DriverIRQHandler
                0x0000000000000542                eLCDIF_DriverIRQHandler
                0x0000000000000542                MECC1_INT_DriverIRQHandler
                0x0000000000000542                CTI_TRIGGER_OUT1_DriverIRQHandler
                0x0000000000000542                PWM2_0_DriverIRQHandler
                0x0000000000000542                ENET_1G_DriverIRQHandler
                0x0000000000000542                Reserved209_DriverIRQHandler
                0x0000000000000542                SNVS_PULSE_EVENT_DriverIRQHandler
                0x0000000000000542                CM7_GPIO2_3_DriverIRQHandler
                0x0000000000000542                GPIO13_Combined_0_31_DriverIRQHandler
                0x0000000000000542                ACMP4_DriverIRQHandler
                0x0000000000000542                USB_OTG2_DriverIRQHandler
                0x0000000000000542                Reserved214_DriverIRQHandler
                0x0000000000000542                DCIC1_DriverIRQHandler
                0x0000000000000542                KPP_DriverIRQHandler
                0x0000000000000542                FLEXSPI2_DriverIRQHandler
                0x0000000000000542                LPSPI2_DriverIRQHandler
                0x0000000000000542                FLEXRAM_ECC_DriverIRQHandler
                0x0000000000000542                SAI3_RX_DriverIRQHandler
 *(SORT_BY_ALIGNMENT(.text*))
 *fill*         0x0000000000000544        0x4 ff
 .text.CLOCK_GetAvPllFreq
                0x0000000000000548       0x90 ./drivers/fsl_clock.o
 .text.DbgConsole_SendDataReliable
                0x00000000000005d8       0x30 ./utilities/fsl_debug_console.o
                0x00000000000005d8                DbgConsole_SendDataReliable
 .text.DbgConsole_Init
                0x0000000000000608       0x90 ./utilities/fsl_debug_console.o
                0x0000000000000608                DbgConsole_Init
 .text.DbgConsole_Vprintf
                0x0000000000000698       0x3c ./utilities/fsl_debug_console.o
                0x0000000000000698                DbgConsole_Vprintf
 .text.startup.main
                0x00000000000006d4       0x38 ./source/MIMXRT1176_Project.o
                0x00000000000006d4                main
 .text.ANATOP_AI_Access
                0x000000000000070c      0x35c ./drivers/fsl_anatop_ai.o
                0x000000000000070c                ANATOP_AI_Access
 .text.CLOCK_GetPllFreq.part.0
                0x0000000000000a68       0x30 ./drivers/fsl_clock.o
 .text.ANATOP_PllToggleHoldRingOff.constprop.0
                0x0000000000000a98       0x2c ./drivers/fsl_clock.o
 .text.ANATOP_PllConfigure
                0x0000000000000ac4       0xa4 ./drivers/fsl_clock.o
 .text.CLOCK_InitArmPll
                0x0000000000000b68       0xcc ./drivers/fsl_clock.o
                0x0000000000000b68                CLOCK_InitArmPll
 .text.CLOCK_InitSysPll2
                0x0000000000000c34      0x120 ./drivers/fsl_clock.o
                0x0000000000000c34                CLOCK_InitSysPll2
 .text.CLOCK_InitPfd
                0x0000000000000d54       0xa4 ./drivers/fsl_clock.o
                0x0000000000000d54                CLOCK_InitPfd
 .text.CLOCK_GetPfdFreq
                0x0000000000000df8       0x4c ./drivers/fsl_clock.o
                0x0000000000000df8                CLOCK_GetPfdFreq
 .text.CLOCK_InitSysPll3
                0x0000000000000e44       0x98 ./drivers/fsl_clock.o
                0x0000000000000e44                CLOCK_InitSysPll3
 .text.CLOCK_SetPllBypass
                0x0000000000000edc       0x6c ./drivers/fsl_clock.o
                0x0000000000000edc                CLOCK_SetPllBypass
 .text.CLOCK_DeinitAudioPll
                0x0000000000000f48       0x4c ./drivers/fsl_clock.o
                0x0000000000000f48                CLOCK_DeinitAudioPll
 .text.CLOCK_InitVideoPll
                0x0000000000000f94       0xb8 ./drivers/fsl_clock.o
                0x0000000000000f94                CLOCK_InitVideoPll
 .text.CLOCK_DeinitSysPll1
                0x000000000000104c       0x64 ./drivers/fsl_clock.o
                0x000000000000104c                CLOCK_DeinitSysPll1
 .text.CLOCK_GetFreq
                0x00000000000010b0       0xe4 ./drivers/fsl_clock.o
                0x00000000000010b0                CLOCK_GetFreq
 .text.CLOCK_OSC_EnableOscRc400M
                0x0000000000001194       0x18 ./drivers/fsl_clock.o
                0x0000000000001194                CLOCK_OSC_EnableOscRc400M
 .text.SDK_DelayAtLeastUs
                0x00000000000011ac       0x24 ./drivers/fsl_common_arm.o
                0x00000000000011ac                SDK_DelayAtLeastUs
 .text.CLOCK_ControlGate
                0x00000000000011d0       0x34 ./drivers/fsl_lpuart.o
 .text.LPUART_GetInstance
                0x0000000000001204       0x1c ./drivers/fsl_lpuart.o
                0x0000000000001204                LPUART_GetInstance
 .text.LPUART_Init
                0x0000000000001220      0x198 ./drivers/fsl_lpuart.o
                0x0000000000001220                LPUART_Init
 .text.LPUART1_DriverIRQHandler
                0x00000000000013b8       0x20 ./drivers/fsl_lpuart.o
                0x00000000000013b8                LPUART1_DriverIRQHandler
 .text.LPUART2_DriverIRQHandler
                0x00000000000013d8       0x20 ./drivers/fsl_lpuart.o
                0x00000000000013d8                LPUART2_DriverIRQHandler
 .text.LPUART3_DriverIRQHandler
                0x00000000000013f8       0x20 ./drivers/fsl_lpuart.o
                0x00000000000013f8                LPUART3_DriverIRQHandler
 .text.LPUART4_DriverIRQHandler
                0x0000000000001418       0x20 ./drivers/fsl_lpuart.o
                0x0000000000001418                LPUART4_DriverIRQHandler
 .text.LPUART5_DriverIRQHandler
                0x0000000000001438       0x20 ./drivers/fsl_lpuart.o
                0x0000000000001438                LPUART5_DriverIRQHandler
 .text.LPUART6_DriverIRQHandler
                0x0000000000001458       0x20 ./drivers/fsl_lpuart.o
                0x0000000000001458                LPUART6_DriverIRQHandler
 .text.LPUART7_DriverIRQHandler
                0x0000000000001478       0x20 ./drivers/fsl_lpuart.o
                0x0000000000001478                LPUART7_DriverIRQHandler
 .text.LPUART8_DriverIRQHandler
                0x0000000000001498       0x20 ./drivers/fsl_lpuart.o
                0x0000000000001498                LPUART8_DriverIRQHandler
 .text.LPUART9_DriverIRQHandler
                0x00000000000014b8       0x20 ./drivers/fsl_lpuart.o
                0x00000000000014b8                LPUART9_DriverIRQHandler
 .text.LPUART10_DriverIRQHandler
                0x00000000000014d8       0x20 ./drivers/fsl_lpuart.o
                0x00000000000014d8                LPUART10_DriverIRQHandler
 .text.LPUART11_DriverIRQHandler
                0x00000000000014f8       0x20 ./drivers/fsl_lpuart.o
                0x00000000000014f8                LPUART11_DriverIRQHandler
 .text.LPUART12_DriverIRQHandler
                0x0000000000001518       0x20 ./drivers/fsl_lpuart.o
                0x0000000000001518                LPUART12_DriverIRQHandler
 .text.PMU_StaticEnablePllLdo
                0x0000000000001538       0x38 ./drivers/fsl_pmu.o
                0x0000000000001538                PMU_StaticEnablePllLdo
 .text.PMU_StaticEnableLpsrAnaLdoBypassMode
                0x0000000000001570       0x8c ./drivers/fsl_pmu.o
                0x0000000000001570                PMU_StaticEnableLpsrAnaLdoBypassMode
 .text.PMU_StaticEnableLpsrDigLdoBypassMode
                0x00000000000015fc       0x78 ./drivers/fsl_pmu.o
                0x00000000000015fc                PMU_StaticEnableLpsrDigLdoBypassMode
 .text.SystemInit
                0x0000000000001674      0x118 ./device/system_MIMXRT1176_cm7.o
                0x0000000000001674                SystemInit
 .text.HAL_UartInit
                0x000000000000178c       0x9c ./component/uart/fsl_adapter_lpuart.o
                0x000000000000178c                HAL_UartInit
 .text.HAL_UartSendBlocking
                0x0000000000001828       0x18 ./component/uart/fsl_adapter_lpuart.o
                0x0000000000001828                HAL_UartSendBlocking
 .text.BOARD_DebugConsoleSrcFreq
                0x0000000000001840       0x30 ./board/board.o
                0x0000000000001840                BOARD_DebugConsoleSrcFreq
 .text.DCDC_SetVDD1P0BuckModeTargetVoltage.constprop.0
                0x0000000000001870       0x24 ./board/clock_config.o
 .text.CLOCK_GetRootClockFreq.constprop.0
                0x0000000000001894       0x28 ./board/clock_config.o
 .text.CLOCK_SetRootClock.isra.0
                0x00000000000018bc       0x30 ./board/clock_config.o
 .text.BOARD_BootClockRUN
                0x00000000000018ec      0x4e8 ./board/clock_config.o
                0x00000000000018ec                BOARD_BootClockRUN
 .text.BOARD_InitPins
                0x0000000000001dd4       0x54 ./board/pin_mux.o
                0x0000000000001dd4                BOARD_InitPins
 .text._initio  0x0000000000001e28       0x78 /Applications/MCUXpressoIDE_11.7.0_9198/ide/plugins/com.nxp.mcuxpresso.tools.macosx_11.7.0.202209140929/tools/bin/../lib/gcc/arm-none-eabi/10.3.1/../../../../arm-none-eabi/lib/thumb/v7e-m+fp/hard/libcr_c.a(initio.o)
                0x0000000000001e28                _initio
 .text._Cwritebuf
                0x0000000000001ea0       0x6c /Applications/MCUXpressoIDE_11.7.0_9198/ide/plugins/com.nxp.mcuxpresso.tools.macosx_11.7.0.202209140929/tools/bin/../lib/gcc/arm-none-eabi/10.3.1/../../../../arm-none-eabi/lib/thumb/v7e-m+fp/hard/libcr_c.a(_writebuf.o)
                0x0000000000001ea0                _Cwritebuf
 .text.fflush   0x0000000000001f0c       0x3c /Applications/MCUXpressoIDE_11.7.0_9198/ide/plugins/com.nxp.mcuxpresso.tools.macosx_11.7.0.202209140929/tools/bin/../lib/gcc/arm-none-eabi/10.3.1/../../../../arm-none-eabi/lib/thumb/v7e-m+fp/hard/libcr_c.a(fflush.o)
                0x0000000000001f0c                fflush
 .text.fseek    0x0000000000001f48       0xfc /Applications/MCUXpressoIDE_11.7.0_9198/ide/plugins/com.nxp.mcuxpresso.tools.macosx_11.7.0.202209140929/tools/bin/../lib/gcc/arm-none-eabi/10.3.1/../../../../arm-none-eabi/lib/thumb/v7e-m+fp/hard/libcr_c.a(fseek.o)
                0x0000000000001f48                fseek
 .text.ftell    0x0000000000002044       0x44 /Applications/MCUXpressoIDE_11.7.0_9198/ide/plugins/com.nxp.mcuxpresso.tools.macosx_11.7.0.202209140929/tools/bin/../lib/gcc/arm-none-eabi/10.3.1/../../../../arm-none-eabi/lib/thumb/v7e-m+fp/hard/libcr_c.a(ftell.o)
                0x0000000000002044                ftell
 .text.__aeabi_dmul
                0x0000000000002088       0xfc /Applications/MCUXpressoIDE_11.7.0_9198/ide/plugins/com.nxp.mcuxpresso.tools.macosx_11.7.0.202209140929/tools/bin/../lib/gcc/arm-none-eabi/10.3.1/thumb/v7e-m+fp/hard/libcr_eabihelpers.a(double.o)
                0x0000000000002088                __aeabi_dmul
 .text.__aeabi_ddiv
                0x0000000000002184      0x138 /Applications/MCUXpressoIDE_11.7.0_9198/ide/plugins/com.nxp.mcuxpresso.tools.macosx_11.7.0.202209140929/tools/bin/../lib/gcc/arm-none-eabi/10.3.1/thumb/v7e-m+fp/hard/libcr_eabihelpers.a(double.o)
                0x0000000000002184                __aeabi_ddiv
 .text.__aeabi_dsub
                0x00000000000022bc      0x1ac /Applications/MCUXpressoIDE_11.7.0_9198/ide/plugins/com.nxp.mcuxpresso.tools.macosx_11.7.0.202209140929/tools/bin/../lib/gcc/arm-none-eabi/10.3.1/thumb/v7e-m+fp/hard/libcr_eabihelpers.a(double.o)
                0x00000000000022bc                __aeabi_dsub
 .text.__aeabi_dadd
                0x0000000000002468      0x114 /Applications/MCUXpressoIDE_11.7.0_9198/ide/plugins/com.nxp.mcuxpresso.tools.macosx_11.7.0.202209140929/tools/bin/../lib/gcc/arm-none-eabi/10.3.1/thumb/v7e-m+fp/hard/libcr_eabihelpers.a(double.o)
                0x0000000000002468                __aeabi_dadd
 .text.DbgConsole_PrintCallback
                0x000000000000257c       0x3a ./utilities/fsl_debug_console.o
 .text.DbgConsole_Printf
                0x00000000000025b6       0x1a ./utilities/fsl_debug_console.o
                0x00000000000025b6                DbgConsole_Printf
 .text.ConvertRadixNumToString.constprop.0
                0x00000000000025d0       0x48 ./utilities/fsl_str.o
 .text.StrFormatPrintf
                0x0000000000002618      0x1c8 ./utilities/fsl_str.o
                0x0000000000002618                StrFormatPrintf
 .text.DMA0_DMA16_IRQHandler
                0x00000000000027e0        0x8 ./startup/startup_mimxrt1176_cm7.o
                0x00000000000027e0                DMA0_DMA16_IRQHandler
 .text.DMA1_DMA17_IRQHandler
                0x00000000000027e8        0x8 ./startup/startup_mimxrt1176_cm7.o
                0x00000000000027e8                DMA1_DMA17_IRQHandler
 .text.DMA2_DMA18_IRQHandler
                0x00000000000027f0        0x8 ./startup/startup_mimxrt1176_cm7.o
                0x00000000000027f0                DMA2_DMA18_IRQHandler
 .text.DMA3_DMA19_IRQHandler
                0x00000000000027f8        0x8 ./startup/startup_mimxrt1176_cm7.o
                0x00000000000027f8                DMA3_DMA19_IRQHandler
 .text.DMA4_DMA20_IRQHandler
                0x0000000000002800        0x8 ./startup/startup_mimxrt1176_cm7.o
                0x0000000000002800                DMA4_DMA20_IRQHandler
 .text.DMA5_DMA21_IRQHandler
                0x0000000000002808        0x8 ./startup/startup_mimxrt1176_cm7.o
                0x0000000000002808                DMA5_DMA21_IRQHandler
 .text.DMA6_DMA22_IRQHandler
                0x0000000000002810        0x8 ./startup/startup_mimxrt1176_cm7.o
                0x0000000000002810                DMA6_DMA22_IRQHandler
 .text.DMA7_DMA23_IRQHandler
                0x0000000000002818        0x8 ./startup/startup_mimxrt1176_cm7.o
                0x0000000000002818                DMA7_DMA23_IRQHandler
 .text.DMA8_DMA24_IRQHandler
                0x0000000000002820        0x8 ./startup/startup_mimxrt1176_cm7.o
                0x0000000000002820                DMA8_DMA24_IRQHandler
 .text.DMA9_DMA25_IRQHandler
                0x0000000000002828        0x8 ./startup/startup_mimxrt1176_cm7.o
                0x0000000000002828                DMA9_DMA25_IRQHandler
 .text.DMA10_DMA26_IRQHandler
                0x0000000000002830        0x8 ./startup/startup_mimxrt1176_cm7.o
                0x0000000000002830                DMA10_DMA26_IRQHandler
 .text.DMA11_DMA27_IRQHandler
                0x0000000000002838        0x8 ./startup/startup_mimxrt1176_cm7.o
                0x0000000000002838                DMA11_DMA27_IRQHandler
 .text.DMA12_DMA28_IRQHandler
                0x0000000000002840        0x8 ./startup/startup_mimxrt1176_cm7.o
                0x0000000000002840                DMA12_DMA28_IRQHandler
 .text.DMA13_DMA29_IRQHandler
                0x0000000000002848        0x8 ./startup/startup_mimxrt1176_cm7.o
                0x0000000000002848                DMA13_DMA29_IRQHandler
 .text.DMA14_DMA30_IRQHandler
                0x0000000000002850        0x8 ./startup/startup_mimxrt1176_cm7.o
                0x0000000000002850                DMA14_DMA30_IRQHandler
 .text.DMA15_DMA31_IRQHandler
                0x0000000000002858        0x8 ./startup/startup_mimxrt1176_cm7.o
                0x0000000000002858                DMA15_DMA31_IRQHandler
 .text.DMA_ERROR_IRQHandler
                0x0000000000002860        0x8 ./startup/startup_mimxrt1176_cm7.o
                0x0000000000002860                DMA_ERROR_IRQHandler
 .text.CTI_TRIGGER_OUT0_IRQHandler
                0x0000000000002868        0x8 ./startup/startup_mimxrt1176_cm7.o
                0x0000000000002868                CTI_TRIGGER_OUT0_IRQHandler
 .text.CTI_TRIGGER_OUT1_IRQHandler
                0x0000000000002870        0x8 ./startup/startup_mimxrt1176_cm7.o
                0x0000000000002870                CTI_TRIGGER_OUT1_IRQHandler
 .text.CORE_IRQHandler
                0x0000000000002878        0x8 ./startup/startup_mimxrt1176_cm7.o
                0x0000000000002878                CORE_IRQHandler
 .text.LPUART1_IRQHandler
                0x0000000000002880        0x8 ./startup/startup_mimxrt1176_cm7.o
                0x0000000000002880                LPUART1_IRQHandler
 .text.LPUART2_IRQHandler
                0x0000000000002888        0x8 ./startup/startup_mimxrt1176_cm7.o
                0x0000000000002888                LPUART2_IRQHandler
 .text.LPUART3_IRQHandler
                0x0000000000002890        0x8 ./startup/startup_mimxrt1176_cm7.o
                0x0000000000002890                LPUART3_IRQHandler
 .text.LPUART4_IRQHandler
                0x0000000000002898        0x8 ./startup/startup_mimxrt1176_cm7.o
                0x0000000000002898                LPUART4_IRQHandler
 .text.LPUART5_IRQHandler
                0x00000000000028a0        0x8 ./startup/startup_mimxrt1176_cm7.o
                0x00000000000028a0                LPUART5_IRQHandler
 .text.LPUART6_IRQHandler
                0x00000000000028a8        0x8 ./startup/startup_mimxrt1176_cm7.o
                0x00000000000028a8                LPUART6_IRQHandler
 .text.LPUART7_IRQHandler
                0x00000000000028b0        0x8 ./startup/startup_mimxrt1176_cm7.o
                0x00000000000028b0                LPUART7_IRQHandler
 .text.LPUART8_IRQHandler
                0x00000000000028b8        0x8 ./startup/startup_mimxrt1176_cm7.o
                0x00000000000028b8                LPUART8_IRQHandler
 .text.LPUART9_IRQHandler
                0x00000000000028c0        0x8 ./startup/startup_mimxrt1176_cm7.o
                0x00000000000028c0                LPUART9_IRQHandler
 .text.LPUART10_IRQHandler
                0x00000000000028c8        0x8 ./startup/startup_mimxrt1176_cm7.o
                0x00000000000028c8                LPUART10_IRQHandler
 .text.LPUART11_IRQHandler
                0x00000000000028d0        0x8 ./startup/startup_mimxrt1176_cm7.o
                0x00000000000028d0                LPUART11_IRQHandler
 .text.LPUART12_IRQHandler
                0x00000000000028d8        0x8 ./startup/startup_mimxrt1176_cm7.o
                0x00000000000028d8                LPUART12_IRQHandler
 .text.LPI2C1_IRQHandler
                0x00000000000028e0        0x8 ./startup/startup_mimxrt1176_cm7.o
                0x00000000000028e0                LPI2C1_IRQHandler
 .text.LPI2C2_IRQHandler
                0x00000000000028e8        0x8 ./startup/startup_mimxrt1176_cm7.o
                0x00000000000028e8                LPI2C2_IRQHandler
 .text.LPI2C3_IRQHandler
                0x00000000000028f0        0x8 ./startup/startup_mimxrt1176_cm7.o
                0x00000000000028f0                LPI2C3_IRQHandler
 .text.LPI2C4_IRQHandler
                0x00000000000028f8        0x8 ./startup/startup_mimxrt1176_cm7.o
                0x00000000000028f8                LPI2C4_IRQHandler
 .text.LPI2C5_IRQHandler
                0x0000000000002900        0x8 ./startup/startup_mimxrt1176_cm7.o
                0x0000000000002900                LPI2C5_IRQHandler
 .text.LPI2C6_IRQHandler
                0x0000000000002908        0x8 ./startup/startup_mimxrt1176_cm7.o
                0x0000000000002908                LPI2C6_IRQHandler
 .text.LPSPI1_IRQHandler
                0x0000000000002910        0x8 ./startup/startup_mimxrt1176_cm7.o
                0x0000000000002910                LPSPI1_IRQHandler
 .text.LPSPI2_IRQHandler
                0x0000000000002918        0x8 ./startup/startup_mimxrt1176_cm7.o
                0x0000000000002918                LPSPI2_IRQHandler
 .text.LPSPI3_IRQHandler
                0x0000000000002920        0x8 ./startup/startup_mimxrt1176_cm7.o
                0x0000000000002920                LPSPI3_IRQHandler
 .text.LPSPI4_IRQHandler
                0x0000000000002928        0x8 ./startup/startup_mimxrt1176_cm7.o
                0x0000000000002928                LPSPI4_IRQHandler
 .text.LPSPI5_IRQHandler
                0x0000000000002930        0x8 ./startup/startup_mimxrt1176_cm7.o
                0x0000000000002930                LPSPI5_IRQHandler
 .text.LPSPI6_IRQHandler
                0x0000000000002938        0x8 ./startup/startup_mimxrt1176_cm7.o
                0x0000000000002938                LPSPI6_IRQHandler
 .text.CAN1_IRQHandler
                0x0000000000002940        0x8 ./startup/startup_mimxrt1176_cm7.o
                0x0000000000002940                CAN1_IRQHandler
 .text.CAN1_ERROR_IRQHandler
                0x0000000000002948        0x8 ./startup/startup_mimxrt1176_cm7.o
                0x0000000000002948                CAN1_ERROR_IRQHandler
 .text.CAN2_IRQHandler
                0x0000000000002950        0x8 ./startup/startup_mimxrt1176_cm7.o
                0x0000000000002950                CAN2_IRQHandler
 .text.CAN2_ERROR_IRQHandler
                0x0000000000002958        0x8 ./startup/startup_mimxrt1176_cm7.o
                0x0000000000002958                CAN2_ERROR_IRQHandler
 .text.CAN3_IRQHandler
                0x0000000000002960        0x8 ./startup/startup_mimxrt1176_cm7.o
                0x0000000000002960                CAN3_IRQHandler
 .text.CAN3_ERROR_IRQHandler
                0x0000000000002968        0x8 ./startup/startup_mimxrt1176_cm7.o
                0x0000000000002968                CAN3_ERROR_IRQHandler
 .text.FLEXRAM_IRQHandler
                0x0000000000002970        0x8 ./startup/startup_mimxrt1176_cm7.o
                0x0000000000002970                FLEXRAM_IRQHandler
 .text.KPP_IRQHandler
                0x0000000000002978        0x8 ./startup/startup_mimxrt1176_cm7.o
                0x0000000000002978                KPP_IRQHandler
 .text.Reserved68_IRQHandler
                0x0000000000002980        0x8 ./startup/startup_mimxrt1176_cm7.o
                0x0000000000002980                Reserved68_IRQHandler
 .text.GPR_IRQ_IRQHandler
                0x0000000000002988        0x8 ./startup/startup_mimxrt1176_cm7.o
                0x0000000000002988                GPR_IRQ_IRQHandler
 .text.eLCDIF_IRQHandler
                0x0000000000002990        0x8 ./startup/startup_mimxrt1176_cm7.o
                0x0000000000002990                eLCDIF_IRQHandler
 .text.LCDIFv2_IRQHandler
                0x0000000000002998        0x8 ./startup/startup_mimxrt1176_cm7.o
                0x0000000000002998                LCDIFv2_IRQHandler
 .text.CSI_IRQHandler
                0x00000000000029a0        0x8 ./startup/startup_mimxrt1176_cm7.o
                0x00000000000029a0                CSI_IRQHandler
 .text.PXP_IRQHandler
                0x00000000000029a8        0x8 ./startup/startup_mimxrt1176_cm7.o
                0x00000000000029a8                PXP_IRQHandler
 .text.MIPI_CSI_IRQHandler
                0x00000000000029b0        0x8 ./startup/startup_mimxrt1176_cm7.o
                0x00000000000029b0                MIPI_CSI_IRQHandler
 .text.MIPI_DSI_IRQHandler
                0x00000000000029b8        0x8 ./startup/startup_mimxrt1176_cm7.o
                0x00000000000029b8                MIPI_DSI_IRQHandler
 .text.GPU2D_IRQHandler
                0x00000000000029c0        0x8 ./startup/startup_mimxrt1176_cm7.o
                0x00000000000029c0                GPU2D_IRQHandler
 .text.GPIO6_Combined_0_15_IRQHandler
                0x00000000000029c8        0x8 ./startup/startup_mimxrt1176_cm7.o
                0x00000000000029c8                GPIO6_Combined_0_15_IRQHandler
 .text.GPIO6_Combined_16_31_IRQHandler
                0x00000000000029d0        0x8 ./startup/startup_mimxrt1176_cm7.o
                0x00000000000029d0                GPIO6_Combined_16_31_IRQHandler
 .text.DAC_IRQHandler
                0x00000000000029d8        0x8 ./startup/startup_mimxrt1176_cm7.o
                0x00000000000029d8                DAC_IRQHandler
 .text.KEY_MANAGER_IRQHandler
                0x00000000000029e0        0x8 ./startup/startup_mimxrt1176_cm7.o
                0x00000000000029e0                KEY_MANAGER_IRQHandler
 .text.WDOG2_IRQHandler
                0x00000000000029e8        0x8 ./startup/startup_mimxrt1176_cm7.o
                0x00000000000029e8                WDOG2_IRQHandler
 .text.SNVS_HP_NON_TZ_IRQHandler
                0x00000000000029f0        0x8 ./startup/startup_mimxrt1176_cm7.o
                0x00000000000029f0                SNVS_HP_NON_TZ_IRQHandler
 .text.SNVS_HP_TZ_IRQHandler
                0x00000000000029f8        0x8 ./startup/startup_mimxrt1176_cm7.o
                0x00000000000029f8                SNVS_HP_TZ_IRQHandler
 .text.SNVS_PULSE_EVENT_IRQHandler
                0x0000000000002a00        0x8 ./startup/startup_mimxrt1176_cm7.o
                0x0000000000002a00                SNVS_PULSE_EVENT_IRQHandler
 .text.CAAM_IRQ0_IRQHandler
                0x0000000000002a08        0x8 ./startup/startup_mimxrt1176_cm7.o
                0x0000000000002a08                CAAM_IRQ0_IRQHandler
 .text.CAAM_IRQ1_IRQHandler
                0x0000000000002a10        0x8 ./startup/startup_mimxrt1176_cm7.o
                0x0000000000002a10                CAAM_IRQ1_IRQHandler
 .text.CAAM_IRQ2_IRQHandler
                0x0000000000002a18        0x8 ./startup/startup_mimxrt1176_cm7.o
                0x0000000000002a18                CAAM_IRQ2_IRQHandler
 .text.CAAM_IRQ3_IRQHandler
                0x0000000000002a20        0x8 ./startup/startup_mimxrt1176_cm7.o
                0x0000000000002a20                CAAM_IRQ3_IRQHandler
 .text.CAAM_RECORVE_ERRPR_IRQHandler
                0x0000000000002a28        0x8 ./startup/startup_mimxrt1176_cm7.o
                0x0000000000002a28                CAAM_RECORVE_ERRPR_IRQHandler
 .text.CAAM_RTIC_IRQHandler
                0x0000000000002a30        0x8 ./startup/startup_mimxrt1176_cm7.o
                0x0000000000002a30                CAAM_RTIC_IRQHandler
 .text.CDOG_IRQHandler
                0x0000000000002a38        0x8 ./startup/startup_mimxrt1176_cm7.o
                0x0000000000002a38                CDOG_IRQHandler
 .text.SAI1_IRQHandler
                0x0000000000002a40        0x8 ./startup/startup_mimxrt1176_cm7.o
                0x0000000000002a40                SAI1_IRQHandler
 .text.SAI2_IRQHandler
                0x0000000000002a48        0x8 ./startup/startup_mimxrt1176_cm7.o
                0x0000000000002a48                SAI2_IRQHandler
 .text.SAI3_RX_IRQHandler
                0x0000000000002a50        0x8 ./startup/startup_mimxrt1176_cm7.o
                0x0000000000002a50                SAI3_RX_IRQHandler
 .text.SAI3_TX_IRQHandler
                0x0000000000002a58        0x8 ./startup/startup_mimxrt1176_cm7.o
                0x0000000000002a58                SAI3_TX_IRQHandler
 .text.SAI4_RX_IRQHandler
                0x0000000000002a60        0x8 ./startup/startup_mimxrt1176_cm7.o
                0x0000000000002a60                SAI4_RX_IRQHandler
 .text.SAI4_TX_IRQHandler
                0x0000000000002a68        0x8 ./startup/startup_mimxrt1176_cm7.o
                0x0000000000002a68                SAI4_TX_IRQHandler
 .text.SPDIF_IRQHandler
                0x0000000000002a70        0x8 ./startup/startup_mimxrt1176_cm7.o
                0x0000000000002a70                SPDIF_IRQHandler
 .text.TMPSNS_INT_IRQHandler
                0x0000000000002a78        0x8 ./startup/startup_mimxrt1176_cm7.o
                0x0000000000002a78                TMPSNS_INT_IRQHandler
 .text.TMPSNS_LOW_HIGH_IRQHandler
                0x0000000000002a80        0x8 ./startup/startup_mimxrt1176_cm7.o
                0x0000000000002a80                TMPSNS_LOW_HIGH_IRQHandler
 .text.TMPSNS_PANIC_IRQHandler
                0x0000000000002a88        0x8 ./startup/startup_mimxrt1176_cm7.o
                0x0000000000002a88                TMPSNS_PANIC_IRQHandler
 .text.LPSR_LP8_BROWNOUT_IRQHandler
                0x0000000000002a90        0x8 ./startup/startup_mimxrt1176_cm7.o
                0x0000000000002a90                LPSR_LP8_BROWNOUT_IRQHandler
 .text.LPSR_LP0_BROWNOUT_IRQHandler
                0x0000000000002a98        0x8 ./startup/startup_mimxrt1176_cm7.o
                0x0000000000002a98                LPSR_LP0_BROWNOUT_IRQHandler
 .text.ADC1_IRQHandler
                0x0000000000002aa0        0x8 ./startup/startup_mimxrt1176_cm7.o
                0x0000000000002aa0                ADC1_IRQHandler
 .text.ADC2_IRQHandler
                0x0000000000002aa8        0x8 ./startup/startup_mimxrt1176_cm7.o
                0x0000000000002aa8                ADC2_IRQHandler
 .text.USBPHY1_IRQHandler
                0x0000000000002ab0        0x8 ./startup/startup_mimxrt1176_cm7.o
                0x0000000000002ab0                USBPHY1_IRQHandler
 .text.USBPHY2_IRQHandler
                0x0000000000002ab8        0x8 ./startup/startup_mimxrt1176_cm7.o
                0x0000000000002ab8                USBPHY2_IRQHandler
 .text.RDC_IRQHandler
                0x0000000000002ac0        0x8 ./startup/startup_mimxrt1176_cm7.o
                0x0000000000002ac0                RDC_IRQHandler
 .text.GPIO13_Combined_0_31_IRQHandler
                0x0000000000002ac8        0x8 ./startup/startup_mimxrt1176_cm7.o
                0x0000000000002ac8                GPIO13_Combined_0_31_IRQHandler
 .text.Reserved110_IRQHandler
                0x0000000000002ad0        0x8 ./startup/startup_mimxrt1176_cm7.o
                0x0000000000002ad0                Reserved110_IRQHandler
 .text.DCIC1_IRQHandler
                0x0000000000002ad8        0x8 ./startup/startup_mimxrt1176_cm7.o
                0x0000000000002ad8                DCIC1_IRQHandler
 .text.DCIC2_IRQHandler
                0x0000000000002ae0        0x8 ./startup/startup_mimxrt1176_cm7.o
                0x0000000000002ae0                DCIC2_IRQHandler
 .text.ASRC_IRQHandler
                0x0000000000002ae8        0x8 ./startup/startup_mimxrt1176_cm7.o
                0x0000000000002ae8                ASRC_IRQHandler
 .text.FLEXRAM_ECC_IRQHandler
                0x0000000000002af0        0x8 ./startup/startup_mimxrt1176_cm7.o
                0x0000000000002af0                FLEXRAM_ECC_IRQHandler
 .text.CM7_GPIO2_3_IRQHandler
                0x0000000000002af8        0x8 ./startup/startup_mimxrt1176_cm7.o
                0x0000000000002af8                CM7_GPIO2_3_IRQHandler
 .text.GPIO1_Combined_0_15_IRQHandler
                0x0000000000002b00        0x8 ./startup/startup_mimxrt1176_cm7.o
                0x0000000000002b00                GPIO1_Combined_0_15_IRQHandler
 .text.GPIO1_Combined_16_31_IRQHandler
                0x0000000000002b08        0x8 ./startup/startup_mimxrt1176_cm7.o
                0x0000000000002b08                GPIO1_Combined_16_31_IRQHandler
 .text.GPIO2_Combined_0_15_IRQHandler
                0x0000000000002b10        0x8 ./startup/startup_mimxrt1176_cm7.o
                0x0000000000002b10                GPIO2_Combined_0_15_IRQHandler
 .text.GPIO2_Combined_16_31_IRQHandler
                0x0000000000002b18        0x8 ./startup/startup_mimxrt1176_cm7.o
                0x0000000000002b18                GPIO2_Combined_16_31_IRQHandler
 .text.GPIO3_Combined_0_15_IRQHandler
                0x0000000000002b20        0x8 ./startup/startup_mimxrt1176_cm7.o
                0x0000000000002b20                GPIO3_Combined_0_15_IRQHandler
 .text.GPIO3_Combined_16_31_IRQHandler
                0x0000000000002b28        0x8 ./startup/startup_mimxrt1176_cm7.o
                0x0000000000002b28                GPIO3_Combined_16_31_IRQHandler
 .text.GPIO4_Combined_0_15_IRQHandler
                0x0000000000002b30        0x8 ./startup/startup_mimxrt1176_cm7.o
                0x0000000000002b30                GPIO4_Combined_0_15_IRQHandler
 .text.GPIO4_Combined_16_31_IRQHandler
                0x0000000000002b38        0x8 ./startup/startup_mimxrt1176_cm7.o
                0x0000000000002b38                GPIO4_Combined_16_31_IRQHandler
 .text.GPIO5_Combined_0_15_IRQHandler
                0x0000000000002b40        0x8 ./startup/startup_mimxrt1176_cm7.o
                0x0000000000002b40                GPIO5_Combined_0_15_IRQHandler
 .text.GPIO5_Combined_16_31_IRQHandler
                0x0000000000002b48        0x8 ./startup/startup_mimxrt1176_cm7.o
                0x0000000000002b48                GPIO5_Combined_16_31_IRQHandler
 .text.FLEXIO1_IRQHandler
                0x0000000000002b50        0x8 ./startup/startup_mimxrt1176_cm7.o
                0x0000000000002b50                FLEXIO1_IRQHandler
 .text.FLEXIO2_IRQHandler
                0x0000000000002b58        0x8 ./startup/startup_mimxrt1176_cm7.o
                0x0000000000002b58                FLEXIO2_IRQHandler
 .text.WDOG1_IRQHandler
                0x0000000000002b60        0x8 ./startup/startup_mimxrt1176_cm7.o
                0x0000000000002b60                WDOG1_IRQHandler
 .text.RTWDOG3_IRQHandler
                0x0000000000002b68        0x8 ./startup/startup_mimxrt1176_cm7.o
                0x0000000000002b68                RTWDOG3_IRQHandler
 .text.EWM_IRQHandler
                0x0000000000002b70        0x8 ./startup/startup_mimxrt1176_cm7.o
                0x0000000000002b70                EWM_IRQHandler
 .text.OCOTP_READ_FUSE_ERROR_IRQHandler
                0x0000000000002b78        0x8 ./startup/startup_mimxrt1176_cm7.o
                0x0000000000002b78                OCOTP_READ_FUSE_ERROR_IRQHandler
 .text.OCOTP_READ_DONE_ERROR_IRQHandler
                0x0000000000002b80        0x8 ./startup/startup_mimxrt1176_cm7.o
                0x0000000000002b80                OCOTP_READ_DONE_ERROR_IRQHandler
 .text.GPC_IRQHandler
                0x0000000000002b88        0x8 ./startup/startup_mimxrt1176_cm7.o
                0x0000000000002b88                GPC_IRQHandler
 .text.MUA_IRQHandler
                0x0000000000002b90        0x8 ./startup/startup_mimxrt1176_cm7.o
                0x0000000000002b90                MUA_IRQHandler
 .text.GPT1_IRQHandler
                0x0000000000002b98        0x8 ./startup/startup_mimxrt1176_cm7.o
                0x0000000000002b98                GPT1_IRQHandler
 .text.GPT2_IRQHandler
                0x0000000000002ba0        0x8 ./startup/startup_mimxrt1176_cm7.o
                0x0000000000002ba0                GPT2_IRQHandler
 .text.GPT3_IRQHandler
                0x0000000000002ba8        0x8 ./startup/startup_mimxrt1176_cm7.o
                0x0000000000002ba8                GPT3_IRQHandler
 .text.GPT4_IRQHandler
                0x0000000000002bb0        0x8 ./startup/startup_mimxrt1176_cm7.o
                0x0000000000002bb0                GPT4_IRQHandler
 .text.GPT5_IRQHandler
                0x0000000000002bb8        0x8 ./startup/startup_mimxrt1176_cm7.o
                0x0000000000002bb8                GPT5_IRQHandler
 .text.GPT6_IRQHandler
                0x0000000000002bc0        0x8 ./startup/startup_mimxrt1176_cm7.o
                0x0000000000002bc0                GPT6_IRQHandler
 .text.PWM1_0_IRQHandler
                0x0000000000002bc8        0x8 ./startup/startup_mimxrt1176_cm7.o
                0x0000000000002bc8                PWM1_0_IRQHandler
 .text.PWM1_1_IRQHandler
                0x0000000000002bd0        0x8 ./startup/startup_mimxrt1176_cm7.o
                0x0000000000002bd0                PWM1_1_IRQHandler
 .text.PWM1_2_IRQHandler
                0x0000000000002bd8        0x8 ./startup/startup_mimxrt1176_cm7.o
                0x0000000000002bd8                PWM1_2_IRQHandler
 .text.PWM1_3_IRQHandler
                0x0000000000002be0        0x8 ./startup/startup_mimxrt1176_cm7.o
                0x0000000000002be0                PWM1_3_IRQHandler
 .text.PWM1_FAULT_IRQHandler
                0x0000000000002be8        0x8 ./startup/startup_mimxrt1176_cm7.o
                0x0000000000002be8                PWM1_FAULT_IRQHandler
 .text.FLEXSPI1_IRQHandler
                0x0000000000002bf0        0x8 ./startup/startup_mimxrt1176_cm7.o
                0x0000000000002bf0                FLEXSPI1_IRQHandler
 .text.FLEXSPI2_IRQHandler
                0x0000000000002bf8        0x8 ./startup/startup_mimxrt1176_cm7.o
                0x0000000000002bf8                FLEXSPI2_IRQHandler
 .text.SEMC_IRQHandler
                0x0000000000002c00        0x8 ./startup/startup_mimxrt1176_cm7.o
                0x0000000000002c00                SEMC_IRQHandler
 .text.USDHC1_IRQHandler
                0x0000000000002c08        0x8 ./startup/startup_mimxrt1176_cm7.o
                0x0000000000002c08                USDHC1_IRQHandler
 .text.USDHC2_IRQHandler
                0x0000000000002c10        0x8 ./startup/startup_mimxrt1176_cm7.o
                0x0000000000002c10                USDHC2_IRQHandler
 .text.USB_OTG2_IRQHandler
                0x0000000000002c18        0x8 ./startup/startup_mimxrt1176_cm7.o
                0x0000000000002c18                USB_OTG2_IRQHandler
 .text.USB_OTG1_IRQHandler
                0x0000000000002c20        0x8 ./startup/startup_mimxrt1176_cm7.o
                0x0000000000002c20                USB_OTG1_IRQHandler
 .text.ENET_IRQHandler
                0x0000000000002c28        0x8 ./startup/startup_mimxrt1176_cm7.o
                0x0000000000002c28                ENET_IRQHandler
 .text.ENET_1588_Timer_IRQHandler
                0x0000000000002c30        0x8 ./startup/startup_mimxrt1176_cm7.o
                0x0000000000002c30                ENET_1588_Timer_IRQHandler
 .text.ENET_1G_MAC0_Tx_Rx_1_IRQHandler
                0x0000000000002c38        0x8 ./startup/startup_mimxrt1176_cm7.o
                0x0000000000002c38                ENET_1G_MAC0_Tx_Rx_1_IRQHandler
 .text.ENET_1G_MAC0_Tx_Rx_2_IRQHandler
                0x0000000000002c40        0x8 ./startup/startup_mimxrt1176_cm7.o
                0x0000000000002c40                ENET_1G_MAC0_Tx_Rx_2_IRQHandler
 .text.ENET_1G_IRQHandler
                0x0000000000002c48        0x8 ./startup/startup_mimxrt1176_cm7.o
                0x0000000000002c48                ENET_1G_IRQHandler
 .text.ENET_1G_1588_Timer_IRQHandler
                0x0000000000002c50        0x8 ./startup/startup_mimxrt1176_cm7.o
                0x0000000000002c50                ENET_1G_1588_Timer_IRQHandler
 .text.XBAR1_IRQ_0_1_IRQHandler
                0x0000000000002c58        0x8 ./startup/startup_mimxrt1176_cm7.o
                0x0000000000002c58                XBAR1_IRQ_0_1_IRQHandler
 .text.XBAR1_IRQ_2_3_IRQHandler
                0x0000000000002c60        0x8 ./startup/startup_mimxrt1176_cm7.o
                0x0000000000002c60                XBAR1_IRQ_2_3_IRQHandler
 .text.ADC_ETC_IRQ0_IRQHandler
                0x0000000000002c68        0x8 ./startup/startup_mimxrt1176_cm7.o
                0x0000000000002c68                ADC_ETC_IRQ0_IRQHandler
 .text.ADC_ETC_IRQ1_IRQHandler
                0x0000000000002c70        0x8 ./startup/startup_mimxrt1176_cm7.o
                0x0000000000002c70                ADC_ETC_IRQ1_IRQHandler
 .text.ADC_ETC_IRQ2_IRQHandler
                0x0000000000002c78        0x8 ./startup/startup_mimxrt1176_cm7.o
                0x0000000000002c78                ADC_ETC_IRQ2_IRQHandler
 .text.ADC_ETC_IRQ3_IRQHandler
                0x0000000000002c80        0x8 ./startup/startup_mimxrt1176_cm7.o
                0x0000000000002c80                ADC_ETC_IRQ3_IRQHandler
 .text.ADC_ETC_ERROR_IRQ_IRQHandler
                0x0000000000002c88        0x8 ./startup/startup_mimxrt1176_cm7.o
                0x0000000000002c88                ADC_ETC_ERROR_IRQ_IRQHandler
 .text.Reserved166_IRQHandler
                0x0000000000002c90        0x8 ./startup/startup_mimxrt1176_cm7.o
                0x0000000000002c90                Reserved166_IRQHandler
 .text.Reserved167_IRQHandler
                0x0000000000002c98        0x8 ./startup/startup_mimxrt1176_cm7.o
                0x0000000000002c98                Reserved167_IRQHandler
 .text.Reserved168_IRQHandler
                0x0000000000002ca0        0x8 ./startup/startup_mimxrt1176_cm7.o
                0x0000000000002ca0                Reserved168_IRQHandler
 .text.Reserved169_IRQHandler
                0x0000000000002ca8        0x8 ./startup/startup_mimxrt1176_cm7.o
                0x0000000000002ca8                Reserved169_IRQHandler
 .text.Reserved170_IRQHandler
                0x0000000000002cb0        0x8 ./startup/startup_mimxrt1176_cm7.o
                0x0000000000002cb0                Reserved170_IRQHandler
 .text.PIT1_IRQHandler
                0x0000000000002cb8        0x8 ./startup/startup_mimxrt1176_cm7.o
                0x0000000000002cb8                PIT1_IRQHandler
 .text.PIT2_IRQHandler
                0x0000000000002cc0        0x8 ./startup/startup_mimxrt1176_cm7.o
                0x0000000000002cc0                PIT2_IRQHandler
 .text.ACMP1_IRQHandler
                0x0000000000002cc8        0x8 ./startup/startup_mimxrt1176_cm7.o
                0x0000000000002cc8                ACMP1_IRQHandler
 .text.ACMP2_IRQHandler
                0x0000000000002cd0        0x8 ./startup/startup_mimxrt1176_cm7.o
                0x0000000000002cd0                ACMP2_IRQHandler
 .text.ACMP3_IRQHandler
                0x0000000000002cd8        0x8 ./startup/startup_mimxrt1176_cm7.o
                0x0000000000002cd8                ACMP3_IRQHandler
 .text.ACMP4_IRQHandler
                0x0000000000002ce0        0x8 ./startup/startup_mimxrt1176_cm7.o
                0x0000000000002ce0                ACMP4_IRQHandler
 .text.Reserved177_IRQHandler
                0x0000000000002ce8        0x8 ./startup/startup_mimxrt1176_cm7.o
                0x0000000000002ce8                Reserved177_IRQHandler
 .text.Reserved178_IRQHandler
                0x0000000000002cf0        0x8 ./startup/startup_mimxrt1176_cm7.o
                0x0000000000002cf0                Reserved178_IRQHandler
 .text.Reserved179_IRQHandler
                0x0000000000002cf8        0x8 ./startup/startup_mimxrt1176_cm7.o
                0x0000000000002cf8                Reserved179_IRQHandler
 .text.Reserved180_IRQHandler
                0x0000000000002d00        0x8 ./startup/startup_mimxrt1176_cm7.o
                0x0000000000002d00                Reserved180_IRQHandler
 .text.ENC1_IRQHandler
                0x0000000000002d08        0x8 ./startup/startup_mimxrt1176_cm7.o
                0x0000000000002d08                ENC1_IRQHandler
 .text.ENC2_IRQHandler
                0x0000000000002d10        0x8 ./startup/startup_mimxrt1176_cm7.o
                0x0000000000002d10                ENC2_IRQHandler
 .text.ENC3_IRQHandler
                0x0000000000002d18        0x8 ./startup/startup_mimxrt1176_cm7.o
                0x0000000000002d18                ENC3_IRQHandler
 .text.ENC4_IRQHandler
                0x0000000000002d20        0x8 ./startup/startup_mimxrt1176_cm7.o
                0x0000000000002d20                ENC4_IRQHandler
 .text.Reserved185_IRQHandler
                0x0000000000002d28        0x8 ./startup/startup_mimxrt1176_cm7.o
                0x0000000000002d28                Reserved185_IRQHandler
 .text.Reserved186_IRQHandler
                0x0000000000002d30        0x8 ./startup/startup_mimxrt1176_cm7.o
                0x0000000000002d30                Reserved186_IRQHandler
 .text.TMR1_IRQHandler
                0x0000000000002d38        0x8 ./startup/startup_mimxrt1176_cm7.o
                0x0000000000002d38                TMR1_IRQHandler
 .text.TMR2_IRQHandler
                0x0000000000002d40        0x8 ./startup/startup_mimxrt1176_cm7.o
                0x0000000000002d40                TMR2_IRQHandler
 .text.TMR3_IRQHandler
                0x0000000000002d48        0x8 ./startup/startup_mimxrt1176_cm7.o
                0x0000000000002d48                TMR3_IRQHandler
 .text.TMR4_IRQHandler
                0x0000000000002d50        0x8 ./startup/startup_mimxrt1176_cm7.o
                0x0000000000002d50                TMR4_IRQHandler
 .text.SEMA4_CP0_IRQHandler
                0x0000000000002d58        0x8 ./startup/startup_mimxrt1176_cm7.o
                0x0000000000002d58                SEMA4_CP0_IRQHandler
 .text.SEMA4_CP1_IRQHandler
                0x0000000000002d60        0x8 ./startup/startup_mimxrt1176_cm7.o
                0x0000000000002d60                SEMA4_CP1_IRQHandler
 .text.PWM2_0_IRQHandler
                0x0000000000002d68        0x8 ./startup/startup_mimxrt1176_cm7.o
                0x0000000000002d68                PWM2_0_IRQHandler
 .text.PWM2_1_IRQHandler
                0x0000000000002d70        0x8 ./startup/startup_mimxrt1176_cm7.o
                0x0000000000002d70                PWM2_1_IRQHandler
 .text.PWM2_2_IRQHandler
                0x0000000000002d78        0x8 ./startup/startup_mimxrt1176_cm7.o
                0x0000000000002d78                PWM2_2_IRQHandler
 .text.PWM2_3_IRQHandler
                0x0000000000002d80        0x8 ./startup/startup_mimxrt1176_cm7.o
                0x0000000000002d80                PWM2_3_IRQHandler
 .text.PWM2_FAULT_IRQHandler
                0x0000000000002d88        0x8 ./startup/startup_mimxrt1176_cm7.o
                0x0000000000002d88                PWM2_FAULT_IRQHandler
 .text.PWM3_0_IRQHandler
                0x0000000000002d90        0x8 ./startup/startup_mimxrt1176_cm7.o
                0x0000000000002d90                PWM3_0_IRQHandler
 .text.PWM3_1_IRQHandler
                0x0000000000002d98        0x8 ./startup/startup_mimxrt1176_cm7.o
                0x0000000000002d98                PWM3_1_IRQHandler
 .text.PWM3_2_IRQHandler
                0x0000000000002da0        0x8 ./startup/startup_mimxrt1176_cm7.o
                0x0000000000002da0                PWM3_2_IRQHandler
 .text.PWM3_3_IRQHandler
                0x0000000000002da8        0x8 ./startup/startup_mimxrt1176_cm7.o
                0x0000000000002da8                PWM3_3_IRQHandler
 .text.PWM3_FAULT_IRQHandler
                0x0000000000002db0        0x8 ./startup/startup_mimxrt1176_cm7.o
                0x0000000000002db0                PWM3_FAULT_IRQHandler
 .text.PWM4_0_IRQHandler
                0x0000000000002db8        0x8 ./startup/startup_mimxrt1176_cm7.o
                0x0000000000002db8                PWM4_0_IRQHandler
 .text.PWM4_1_IRQHandler
                0x0000000000002dc0        0x8 ./startup/startup_mimxrt1176_cm7.o
                0x0000000000002dc0                PWM4_1_IRQHandler
 .text.PWM4_2_IRQHandler
                0x0000000000002dc8        0x8 ./startup/startup_mimxrt1176_cm7.o
                0x0000000000002dc8                PWM4_2_IRQHandler
 .text.PWM4_3_IRQHandler
                0x0000000000002dd0        0x8 ./startup/startup_mimxrt1176_cm7.o
                0x0000000000002dd0                PWM4_3_IRQHandler
 .text.PWM4_FAULT_IRQHandler
                0x0000000000002dd8        0x8 ./startup/startup_mimxrt1176_cm7.o
                0x0000000000002dd8                PWM4_FAULT_IRQHandler
 .text.Reserved208_IRQHandler
                0x0000000000002de0        0x8 ./startup/startup_mimxrt1176_cm7.o
                0x0000000000002de0                Reserved208_IRQHandler
 .text.Reserved209_IRQHandler
                0x0000000000002de8        0x8 ./startup/startup_mimxrt1176_cm7.o
                0x0000000000002de8                Reserved209_IRQHandler
 .text.Reserved210_IRQHandler
                0x0000000000002df0        0x8 ./startup/startup_mimxrt1176_cm7.o
                0x0000000000002df0                Reserved210_IRQHandler
 .text.Reserved211_IRQHandler
                0x0000000000002df8        0x8 ./startup/startup_mimxrt1176_cm7.o
                0x0000000000002df8                Reserved211_IRQHandler
 .text.Reserved212_IRQHandler
                0x0000000000002e00        0x8 ./startup/startup_mimxrt1176_cm7.o
                0x0000000000002e00                Reserved212_IRQHandler
 .text.Reserved213_IRQHandler
                0x0000000000002e08        0x8 ./startup/startup_mimxrt1176_cm7.o
                0x0000000000002e08                Reserved213_IRQHandler
 .text.Reserved214_IRQHandler
                0x0000000000002e10        0x8 ./startup/startup_mimxrt1176_cm7.o
                0x0000000000002e10                Reserved214_IRQHandler
 .text.Reserved215_IRQHandler
                0x0000000000002e18        0x8 ./startup/startup_mimxrt1176_cm7.o
                0x0000000000002e18                Reserved215_IRQHandler
 .text.PDM_HWVAD_EVENT_IRQHandler
                0x0000000000002e20        0x8 ./startup/startup_mimxrt1176_cm7.o
                0x0000000000002e20                PDM_HWVAD_EVENT_IRQHandler
 .text.PDM_HWVAD_ERROR_IRQHandler
                0x0000000000002e28        0x8 ./startup/startup_mimxrt1176_cm7.o
                0x0000000000002e28                PDM_HWVAD_ERROR_IRQHandler
 .text.PDM_EVENT_IRQHandler
                0x0000000000002e30        0x8 ./startup/startup_mimxrt1176_cm7.o
                0x0000000000002e30                PDM_EVENT_IRQHandler
 .text.PDM_ERROR_IRQHandler
                0x0000000000002e38        0x8 ./startup/startup_mimxrt1176_cm7.o
                0x0000000000002e38                PDM_ERROR_IRQHandler
 .text.EMVSIM1_IRQHandler
                0x0000000000002e40        0x8 ./startup/startup_mimxrt1176_cm7.o
                0x0000000000002e40                EMVSIM1_IRQHandler
 .text.EMVSIM2_IRQHandler
                0x0000000000002e48        0x8 ./startup/startup_mimxrt1176_cm7.o
                0x0000000000002e48                EMVSIM2_IRQHandler
 .text.MECC1_INT_IRQHandler
                0x0000000000002e50        0x8 ./startup/startup_mimxrt1176_cm7.o
                0x0000000000002e50                MECC1_INT_IRQHandler
 .text.MECC1_FATAL_INT_IRQHandler
                0x0000000000002e58        0x8 ./startup/startup_mimxrt1176_cm7.o
                0x0000000000002e58                MECC1_FATAL_INT_IRQHandler
 .text.MECC2_INT_IRQHandler
                0x0000000000002e60        0x8 ./startup/startup_mimxrt1176_cm7.o
                0x0000000000002e60                MECC2_INT_IRQHandler
 .text.MECC2_FATAL_INT_IRQHandler
                0x0000000000002e68        0x8 ./startup/startup_mimxrt1176_cm7.o
                0x0000000000002e68                MECC2_FATAL_INT_IRQHandler
 .text.XECC_FLEXSPI1_INT_IRQHandler
                0x0000000000002e70        0x8 ./startup/startup_mimxrt1176_cm7.o
                0x0000000000002e70                XECC_FLEXSPI1_INT_IRQHandler
 .text.XECC_FLEXSPI1_FATAL_INT_IRQHandler
                0x0000000000002e78        0x8 ./startup/startup_mimxrt1176_cm7.o
                0x0000000000002e78                XECC_FLEXSPI1_FATAL_INT_IRQHandler
 .text.XECC_FLEXSPI2_INT_IRQHandler
                0x0000000000002e80        0x8 ./startup/startup_mimxrt1176_cm7.o
                0x0000000000002e80                XECC_FLEXSPI2_INT_IRQHandler
 .text.XECC_FLEXSPI2_FATAL_INT_IRQHandler
                0x0000000000002e88        0x8 ./startup/startup_mimxrt1176_cm7.o
                0x0000000000002e88                XECC_FLEXSPI2_FATAL_INT_IRQHandler
 .text.XECC_SEMC_INT_IRQHandler
                0x0000000000002e90        0x8 ./startup/startup_mimxrt1176_cm7.o
                0x0000000000002e90                XECC_SEMC_INT_IRQHandler
 .text.XECC_SEMC_FATAL_INT_IRQHandler
                0x0000000000002e98        0x8 ./startup/startup_mimxrt1176_cm7.o
                0x0000000000002e98                XECC_SEMC_FATAL_INT_IRQHandler
 .text.ENET_QOS_IRQHandler
                0x0000000000002ea0        0x8 ./startup/startup_mimxrt1176_cm7.o
                0x0000000000002ea0                ENET_QOS_IRQHandler
 .text.ENET_QOS_PMT_IRQHandler
                0x0000000000002ea8        0x8 ./startup/startup_mimxrt1176_cm7.o
                0x0000000000002ea8                ENET_QOS_PMT_IRQHandler
 .text.HardFault_Handler
                0x0000000000002eb0       0x2a ./source/semihost_hardfault.o
                0x0000000000002eb0                HardFault_Handler
 .text.ANATOP_AI_Write
                0x0000000000002eda        0xa ./drivers/fsl_anatop_ai.o
                0x0000000000002eda                ANATOP_AI_Write
 .text.ANATOP_AI_Read
                0x0000000000002ee4        0xa ./drivers/fsl_anatop_ai.o
                0x0000000000002ee4                ANATOP_AI_Read
 .text.ANATOP_AI_WriteWithMaskShift
                0x0000000000002eee       0x2c ./drivers/fsl_anatop_ai.o
                0x0000000000002eee                ANATOP_AI_WriteWithMaskShift
 .text.ANATOP_PllBypass
                0x0000000000002f1a       0x10 ./drivers/fsl_clock.o
 .text.ANATOP_PllEnableClk
                0x0000000000002f2a       0x10 ./drivers/fsl_clock.o
 .text.CLOCK_OSC_Set1MHzOutputBehavior
                0x0000000000002f3a       0x2c ./drivers/fsl_clock.o
                0x0000000000002f3a                CLOCK_OSC_Set1MHzOutputBehavior
 .text.DCDC_BootIntoDCM
                0x0000000000002f66       0x3a ./drivers/fsl_dcdc.o
                0x0000000000002f66                DCDC_BootIntoDCM
 .text.LPUART_GetDefaultConfig
                0x0000000000002fa0       0x1e ./drivers/fsl_lpuart.o
                0x0000000000002fa0                LPUART_GetDefaultConfig
 .text.LPUART_WriteBlocking
                0x0000000000002fbe       0x1e ./drivers/fsl_lpuart.o
                0x0000000000002fbe                LPUART_WriteBlocking
 .text.PMU_EnableBodyBias
                0x0000000000002fdc       0xa4 ./drivers/fsl_pmu.o
                0x0000000000002fdc                PMU_EnableBodyBias
 .text.SystemInitHook
                0x0000000000003080        0x2 ./device/system_MIMXRT1176_cm7.o
                0x0000000000003080                SystemInitHook
 .text.SerialManager_Init
                0x0000000000003082       0x2a ./component/serial_manager/fsl_component_serial_manager.o
                0x0000000000003082                SerialManager_Init
 .text.SerialManager_OpenWriteHandle
                0x00000000000030ac       0x26 ./component/serial_manager/fsl_component_serial_manager.o
                0x00000000000030ac                SerialManager_OpenWriteHandle
 .text.SerialManager_OpenReadHandle
                0x00000000000030d2       0x2c ./component/serial_manager/fsl_component_serial_manager.o
                0x00000000000030d2                SerialManager_OpenReadHandle
 .text.SerialManager_WriteBlocking
                0x00000000000030fe       0x14 ./component/serial_manager/fsl_component_serial_manager.o
                0x00000000000030fe                SerialManager_WriteBlocking
 .text.Serial_UartInit
                0x0000000000003112        0x4 ./component/serial_manager/fsl_component_serial_port_uart.o
                0x0000000000003112                Serial_UartInit
 .text.Serial_UartWrite
                0x0000000000003116        0x4 ./component/serial_manager/fsl_component_serial_port_uart.o
                0x0000000000003116                Serial_UartWrite
 .text.BOARD_InitDebugConsole
                0x000000000000311a       0x18 ./board/board.o
                0x000000000000311a                BOARD_InitDebugConsole
 .text.BOARD_InitBootClocks
                0x0000000000003132        0x4 ./board/clock_config.o
                0x0000000000003132                BOARD_InitBootClocks
 .text.BOARD_InitBootPeripherals
                0x0000000000003136        0x2 ./board/peripherals.o
                0x0000000000003136                BOARD_InitBootPeripherals
 .text.BOARD_InitBootPins
                0x0000000000003138        0x4 ./board/pin_mux.o
                0x0000000000003138                BOARD_InitBootPins
 .text.__main   0x000000000000313c        0xe /Applications/MCUXpressoIDE_11.7.0_9198/ide/plugins/com.nxp.mcuxpresso.tools.macosx_11.7.0.202209140929/tools/bin/../lib/gcc/arm-none-eabi/10.3.1/../../../../arm-none-eabi/lib/thumb/v7e-m+fp/hard/libcr_nohost_nf.a(_cr__main.o)
                0x000000000000313c                __main
 .text.memcpy   0x000000000000314a        0x4 /Applications/MCUXpressoIDE_11.7.0_9198/ide/plugins/com.nxp.mcuxpresso.tools.macosx_11.7.0.202209140929/tools/bin/../lib/gcc/arm-none-eabi/10.3.1/../../../../arm-none-eabi/lib/thumb/v7e-m+fp/hard/libcr_c.a(memcpy.o)
                0x000000000000314a                memcpy
 .text.memset   0x000000000000314e        0x4 /Applications/MCUXpressoIDE_11.7.0_9198/ide/plugins/com.nxp.mcuxpresso.tools.macosx_11.7.0.202209140929/tools/bin/../lib/gcc/arm-none-eabi/10.3.1/../../../../arm-none-eabi/lib/thumb/v7e-m+fp/hard/libcr_c.a(memset.o)
                0x000000000000314e                memset
 .text.free     0x0000000000003152       0x30 /Applications/MCUXpressoIDE_11.7.0_9198/ide/plugins/com.nxp.mcuxpresso.tools.macosx_11.7.0.202209140929/tools/bin/../lib/gcc/arm-none-eabi/10.3.1/../../../../arm-none-eabi/lib/thumb/v7e-m+fp/hard/libcr_c.a(alloc.o)
                0x0000000000003152                free
 .text.setvbuf  0x0000000000003182       0x3e /Applications/MCUXpressoIDE_11.7.0_9198/ide/plugins/com.nxp.mcuxpresso.tools.macosx_11.7.0.202209140929/tools/bin/../lib/gcc/arm-none-eabi/10.3.1/../../../../arm-none-eabi/lib/thumb/v7e-m+fp/hard/libcr_c.a(setvbuf.o)
                0x0000000000003182                setvbuf
 .text.strlen   0x00000000000031c0       0x48 /Applications/MCUXpressoIDE_11.7.0_9198/ide/plugins/com.nxp.mcuxpresso.tools.macosx_11.7.0.202209140929/tools/bin/../lib/gcc/arm-none-eabi/10.3.1/../../../../arm-none-eabi/lib/thumb/v7e-m+fp/hard/libcr_c.a(strlen.o)
                0x00000000000031c0                strlen
 .text._deferredlazyseek
                0x0000000000003208       0x40 /Applications/MCUXpressoIDE_11.7.0_9198/ide/plugins/com.nxp.mcuxpresso.tools.macosx_11.7.0.202209140929/tools/bin/../lib/gcc/arm-none-eabi/10.3.1/../../../../arm-none-eabi/lib/thumb/v7e-m+fp/hard/libcr_c.a(_deferredlazyseek.o)
                0x0000000000003208                _deferredlazyseek
 .text._fdopen  0x0000000000003248       0x68 /Applications/MCUXpressoIDE_11.7.0_9198/ide/plugins/com.nxp.mcuxpresso.tools.macosx_11.7.0.202209140929/tools/bin/../lib/gcc/arm-none-eabi/10.3.1/../../../../arm-none-eabi/lib/thumb/v7e-m+fp/hard/libcr_c.a(_fdopen.o)
                0x0000000000003248                _fdopen
 .text._fflush  0x00000000000032b0       0x52 /Applications/MCUXpressoIDE_11.7.0_9198/ide/plugins/com.nxp.mcuxpresso.tools.macosx_11.7.0.202209140929/tools/bin/../lib/gcc/arm-none-eabi/10.3.1/../../../../arm-none-eabi/lib/thumb/v7e-m+fp/hard/libcr_c.a(_fflush.o)
                0x00000000000032b0                _fflush
 .text.fclose   0x0000000000003302       0x58 /Applications/MCUXpressoIDE_11.7.0_9198/ide/plugins/com.nxp.mcuxpresso.tools.macosx_11.7.0.202209140929/tools/bin/../lib/gcc/arm-none-eabi/10.3.1/../../../../arm-none-eabi/lib/thumb/v7e-m+fp/hard/libcr_c.a(fclose.o)
                0x0000000000003302                fclose
 .text.remove   0x000000000000335a       0x14 /Applications/MCUXpressoIDE_11.7.0_9198/ide/plugins/com.nxp.mcuxpresso.tools.macosx_11.7.0.202209140929/tools/bin/../lib/gcc/arm-none-eabi/10.3.1/../../../../arm-none-eabi/lib/thumb/v7e-m+fp/hard/libcr_c.a(remove.o)
                0x000000000000335a                remove
 .text._do_fflush
                0x000000000000336e       0x40 /Applications/MCUXpressoIDE_11.7.0_9198/ide/plugins/com.nxp.mcuxpresso.tools.macosx_11.7.0.202209140929/tools/bin/../lib/gcc/arm-none-eabi/10.3.1/../../../../arm-none-eabi/lib/thumb/v7e-m+fp/hard/libcr_c.a(_do_fflush.o)
                0x000000000000336e                _do_fflush
 .text.__aeabi_division_uldivmod
                0x00000000000033ae      0x174 /Applications/MCUXpressoIDE_11.7.0_9198/ide/plugins/com.nxp.mcuxpresso.tools.macosx_11.7.0.202209140929/tools/bin/../lib/gcc/arm-none-eabi/10.3.1/thumb/v7e-m+fp/hard/libcr_eabihelpers.a(division_64.o)
                0x00000000000033ae                __aeabi_uldivmod
                0x00000000000033b2                __bhs_ldivmod1
 .text.__aeabi_division_idiv0
                0x0000000000003522        0x2 /Applications/MCUXpressoIDE_11.7.0_9198/ide/plugins/com.nxp.mcuxpresso.tools.macosx_11.7.0.202209140929/tools/bin/../lib/gcc/arm-none-eabi/10.3.1/thumb/v7e-m+fp/hard/libcr_eabihelpers.a(division_idiv0.o)
                0x0000000000003522                __aeabi_idiv0
 .text.__aeabi_d2uiz
                0x0000000000003524       0x30 /Applications/MCUXpressoIDE_11.7.0_9198/ide/plugins/com.nxp.mcuxpresso.tools.macosx_11.7.0.202209140929/tools/bin/../lib/gcc/arm-none-eabi/10.3.1/thumb/v7e-m+fp/hard/libcr_eabihelpers.a(double.o)
                0x0000000000003524                __aeabi_d2uiz
 .text.__bhs_ui2d
                0x0000000000003554       0x46 /Applications/MCUXpressoIDE_11.7.0_9198/ide/plugins/com.nxp.mcuxpresso.tools.macosx_11.7.0.202209140929/tools/bin/../lib/gcc/arm-none-eabi/10.3.1/thumb/v7e-m+fp/hard/libcr_eabihelpers.a(double.o)
                0x0000000000003554                __bhs_ui2d
 .text.__aeabi_ui2d
                0x000000000000359a        0x8 /Applications/MCUXpressoIDE_11.7.0_9198/ide/plugins/com.nxp.mcuxpresso.tools.macosx_11.7.0.202209140929/tools/bin/../lib/gcc/arm-none-eabi/10.3.1/thumb/v7e-m+fp/hard/libcr_eabihelpers.a(double.o)
                0x000000000000359a                __aeabi_ui2d
 .text.__aeabi_memcpy
                0x00000000000035a2       0x34 /Applications/MCUXpressoIDE_11.7.0_9198/ide/plugins/com.nxp.mcuxpresso.tools.macosx_11.7.0.202209140929/tools/bin/../lib/gcc/arm-none-eabi/10.3.1/thumb/v7e-m+fp/hard/libcr_eabihelpers.a(memcpy.o)
                0x00000000000035a2                __aeabi_memcpy
                0x00000000000035ac                __aeabi_memcpy4
                0x00000000000035ac                __aeabi_memcpy8
 .text.__aeabi_memset_lowlevel
                0x00000000000035d6       0x32 /Applications/MCUXpressoIDE_11.7.0_9198/ide/plugins/com.nxp.mcuxpresso.tools.macosx_11.7.0.202209140929/tools/bin/../lib/gcc/arm-none-eabi/10.3.1/thumb/v7e-m+fp/hard/libcr_eabihelpers.a(memcpy.o)
                0x00000000000035d6                __aeabi_lowlevel_memset
 .text.__sys_close
                0x0000000000003608        0x6 /Applications/MCUXpressoIDE_11.7.0_9198/ide/plugins/com.nxp.mcuxpresso.tools.macosx_11.7.0.202209140929/tools/bin/../lib/gcc/arm-none-eabi/10.3.1/../../../../arm-none-eabi/lib/thumb/v7e-m+fp/hard/libcr_nohost_nf.a(__sys_close.o)
                0x0000000000003608                __sys_close
 .text.__sys_flen
                0x000000000000360e        0x6 /Applications/MCUXpressoIDE_11.7.0_9198/ide/plugins/com.nxp.mcuxpresso.tools.macosx_11.7.0.202209140929/tools/bin/../lib/gcc/arm-none-eabi/10.3.1/../../../../arm-none-eabi/lib/thumb/v7e-m+fp/hard/libcr_nohost_nf.a(__sys_flen.o)
                0x000000000000360e                __sys_flen
 .text.__sys_istty
                0x0000000000003614        0x6 /Applications/MCUXpressoIDE_11.7.0_9198/ide/plugins/com.nxp.mcuxpresso.tools.macosx_11.7.0.202209140929/tools/bin/../lib/gcc/arm-none-eabi/10.3.1/../../../../arm-none-eabi/lib/thumb/v7e-m+fp/hard/libcr_nohost_nf.a(__sys_istty.o)
                0x0000000000003614                __sys_istty
 .text.__sys_remove
                0x000000000000361a        0x6 /Applications/MCUXpressoIDE_11.7.0_9198/ide/plugins/com.nxp.mcuxpresso.tools.macosx_11.7.0.202209140929/tools/bin/../lib/gcc/arm-none-eabi/10.3.1/../../../../arm-none-eabi/lib/thumb/v7e-m+fp/hard/libcr_nohost_nf.a(__sys_remove.o)
                0x000000000000361a                __sys_remove
 .text.__sys_seek
                0x0000000000003620        0x6 /Applications/MCUXpressoIDE_11.7.0_9198/ide/plugins/com.nxp.mcuxpresso.tools.macosx_11.7.0.202209140929/tools/bin/../lib/gcc/arm-none-eabi/10.3.1/../../../../arm-none-eabi/lib/thumb/v7e-m+fp/hard/libcr_nohost_nf.a(__sys_seek.o)
                0x0000000000003620                __sys_seek
 .text.__sys_tmpnam
                0x0000000000003626        0x6 /Applications/MCUXpressoIDE_11.7.0_9198/ide/plugins/com.nxp.mcuxpresso.tools.macosx_11.7.0.202209140929/tools/bin/../lib/gcc/arm-none-eabi/10.3.1/../../../../arm-none-eabi/lib/thumb/v7e-m+fp/hard/libcr_nohost_nf.a(__sys_tmpnam.o)
                0x0000000000003626                __sys_tmpnam
 .text.__sys_write
                0x000000000000362c        0x4 /Applications/MCUXpressoIDE_11.7.0_9198/ide/plugins/com.nxp.mcuxpresso.tools.macosx_11.7.0.202209140929/tools/bin/../lib/gcc/arm-none-eabi/10.3.1/../../../../arm-none-eabi/lib/thumb/v7e-m+fp/hard/libcr_nohost_nf.a(__sys_write.o)
                0x000000000000362c                __sys_write
 *(SORT_BY_ALIGNMENT(.rodata) SORT_BY_ALIGNMENT(.rodata.*) SORT_BY_ALIGNMENT(.constdata) SORT_BY_ALIGNMENT(.constdata.*))
 .rodata.s_lpuartBases
                0x0000000000003630       0x34 ./drivers/fsl_lpuart.o
 .rodata.s_LpuartAdapterBase
                0x0000000000003664       0x34 ./component/uart/fsl_adapter_lpuart.o
 .rodata.armPllConfig_BOARD_BootClockRUN
                0x0000000000003698        0x8 ./board/clock_config.o
                0x0000000000003698                armPllConfig_BOARD_BootClockRUN
 .rodata.sysPll2Config_BOARD_BootClockRUN
                0x00000000000036a0        0xc ./board/clock_config.o
                0x00000000000036a0                sysPll2Config_BOARD_BootClockRUN
 .rodata.videoPllConfig_BOARD_BootClockRUN
                0x00000000000036ac       0x14 ./board/clock_config.o
                0x00000000000036ac                videoPllConfig_BOARD_BootClockRUN
 .rodata.__num_Ciob_streams
                0x00000000000036c0        0x4 /Applications/MCUXpressoIDE_11.7.0_9198/ide/plugins/com.nxp.mcuxpresso.tools.macosx_11.7.0.202209140929/tools/bin/../lib/gcc/arm-none-eabi/10.3.1/../../../../arm-none-eabi/lib/thumb/v7e-m+fp/hard/libcr_nohost_nf.a(__ciob.o)
                0x00000000000036c0                __num_Ciob_streams
 .rodata.main.str1.1
                0x00000000000036c4       0x19 ./source/MIMXRT1176_Project.o
 .rodata.s_clockSourceName
                0x00000000000036dd      0x278 ./drivers/fsl_clock.o
 .rodata.s_lpuartClock
                0x0000000000003955        0xd ./drivers/fsl_lpuart.o
 .rodata.s_clockSourceName
                0x0000000000003962      0x278 ./board/board.o
 .rodata.s_clockSourceName
                0x0000000000003bda      0x278 ./board/clock_config.o
 .rodata._initio.str1.1
                0x0000000000003e52        0x4 /Applications/MCUXpressoIDE_11.7.0_9198/ide/plugins/com.nxp.mcuxpresso.tools.macosx_11.7.0.202209140929/tools/bin/../lib/gcc/arm-none-eabi/10.3.1/../../../../arm-none-eabi/lib/thumb/v7e-m+fp/hard/libcr_c.a(initio.o)
                0x0000000000003e58                . = ALIGN (0x4)
 *fill*         0x0000000000003e56        0x2 ff

.glue_7         0x0000000000003e58        0x0
 .glue_7        0x0000000000003e58        0x0 linker stubs

.glue_7t        0x0000000000003e58        0x0
 .glue_7t       0x0000000000003e58        0x0 linker stubs

.vfp11_veneer   0x0000000000003e58        0x0
 .vfp11_veneer  0x0000000000003e58        0x0 linker stubs

.v4_bx          0x0000000000003e58        0x0
 .v4_bx         0x0000000000003e58        0x0 linker stubs

.iplt           0x0000000000003e58        0x0
 .iplt          0x0000000000003e58        0x0 ./utilities/fsl_debug_console.o

.rel.dyn        0x0000000000003e58        0x0
 .rel.iplt      0x0000000000003e58        0x0 ./utilities/fsl_debug_console.o

.ARM.extab
 *(SORT_BY_ALIGNMENT(.ARM.extab*) SORT_BY_ALIGNMENT(.gnu.linkonce.armextab.*))

.ARM.exidx      0x0000000000003e58        0x0
                0x0000000000003e58                __exidx_start = .
 *(SORT_BY_ALIGNMENT(.ARM.exidx*) SORT_BY_ALIGNMENT(.gnu.linkonce.armexidx.*))
                0x0000000000003e58                __exidx_end = .
                0x0000000000003e58                _etext = .

.data_RAM2      0x0000000020000000        0x0 load address 0x0000000000003e58
 FILL mask 0xff
                [!provide]                        PROVIDE (__start_data_RAM2 = .)
                [!provide]                        PROVIDE (__start_data_SRAM_DTC_cm7 = .)
 *(SORT_BY_ALIGNMENT(.ramfunc.$RAM2))
 *(SORT_BY_ALIGNMENT(.ramfunc.$SRAM_DTC_cm7))
 *(SORT_BY_ALIGNMENT(.data.$RAM2))
 *(SORT_BY_ALIGNMENT(.data.$SRAM_DTC_cm7))
 *(SORT_BY_ALIGNMENT(.data.$RAM2.*))
 *(SORT_BY_ALIGNMENT(.data.$SRAM_DTC_cm7.*))
                0x0000000020000000                . = ALIGN (0x4)
                [!provide]                        PROVIDE (__end_data_RAM2 = .)
                [!provide]                        PROVIDE (__end_data_SRAM_DTC_cm7 = .)

.data_RAM3      0x0000000020240000        0x0 load address 0x0000000000003e58
 FILL mask 0xff
                [!provide]                        PROVIDE (__start_data_RAM3 = .)
                [!provide]                        PROVIDE (__start_data_SRAM_OC1 = .)
 *(SORT_BY_ALIGNMENT(.ramfunc.$RAM3))
 *(SORT_BY_ALIGNMENT(.ramfunc.$SRAM_OC1))
 *(SORT_BY_ALIGNMENT(.data.$RAM3))
 *(SORT_BY_ALIGNMENT(.data.$SRAM_OC1))
 *(SORT_BY_ALIGNMENT(.data.$RAM3.*))
 *(SORT_BY_ALIGNMENT(.data.$SRAM_OC1.*))
                0x0000000020240000                . = ALIGN (0x4)